Archive member included to satisfy reference by file (symbol)

c:/ti/ccsv8/tools/compiler/gcc-arm-none-eabi-7-2017-q4-major-win32/bin/../lib/gcc/arm-none-eabi/7.2.1/../../../../arm-none-eabi/lib/thumb/v7e-m/fpv4-sp/hard\libc.a(lib_a-exit.o)
                              c:/ti/ccsv8/tools/compiler/gcc-arm-none-eabi-7-2017-q4-major-win32/bin/../lib/gcc/arm-none-eabi/7.2.1/../../../../arm-none-eabi/lib/thumb/v7e-m/fpv4-sp/hard/crt0.o (exit)
c:/ti/ccsv8/tools/compiler/gcc-arm-none-eabi-7-2017-q4-major-win32/bin/../lib/gcc/arm-none-eabi/7.2.1/../../../../arm-none-eabi/lib/thumb/v7e-m/fpv4-sp/hard\libc.a(lib_a-impure.o)
                              c:/ti/ccsv8/tools/compiler/gcc-arm-none-eabi-7-2017-q4-major-win32/bin/../lib/gcc/arm-none-eabi/7.2.1/../../../../arm-none-eabi/lib/thumb/v7e-m/fpv4-sp/hard\libc.a(lib_a-exit.o) (_global_impure_ptr)
c:/ti/ccsv8/tools/compiler/gcc-arm-none-eabi-7-2017-q4-major-win32/bin/../lib/gcc/arm-none-eabi/7.2.1/../../../../arm-none-eabi/lib/thumb/v7e-m/fpv4-sp/hard\libc.a(lib_a-init.o)
                              c:/ti/ccsv8/tools/compiler/gcc-arm-none-eabi-7-2017-q4-major-win32/bin/../lib/gcc/arm-none-eabi/7.2.1/../../../../arm-none-eabi/lib/thumb/v7e-m/fpv4-sp/hard/crt0.o (__libc_init_array)
c:/ti/ccsv8/tools/compiler/gcc-arm-none-eabi-7-2017-q4-major-win32/bin/../lib/gcc/arm-none-eabi/7.2.1/../../../../arm-none-eabi/lib/thumb/v7e-m/fpv4-sp/hard\libc.a(lib_a-memset.o)
                              c:/ti/ccsv8/tools/compiler/gcc-arm-none-eabi-7-2017-q4-major-win32/bin/../lib/gcc/arm-none-eabi/7.2.1/../../../../arm-none-eabi/lib/thumb/v7e-m/fpv4-sp/hard/crt0.o (memset)
c:/ti/ccsv8/tools/compiler/gcc-arm-none-eabi-7-2017-q4-major-win32/bin/../lib/gcc/arm-none-eabi/7.2.1/../../../../arm-none-eabi/lib/thumb/v7e-m/fpv4-sp/hard\libc.a(lib_a-__call_atexit.o)
                              c:/ti/ccsv8/tools/compiler/gcc-arm-none-eabi-7-2017-q4-major-win32/bin/../lib/gcc/arm-none-eabi/7.2.1/../../../../arm-none-eabi/lib/thumb/v7e-m/fpv4-sp/hard\libc.a(lib_a-exit.o) (__call_exitprocs)
c:/ti/ccsv8/tools/compiler/gcc-arm-none-eabi-7-2017-q4-major-win32/bin/../lib/gcc/arm-none-eabi/7.2.1/../../../../arm-none-eabi/lib/thumb/v7e-m/fpv4-sp/hard\libc.a(lib_a-atexit.o)
                              c:/ti/ccsv8/tools/compiler/gcc-arm-none-eabi-7-2017-q4-major-win32/bin/../lib/gcc/arm-none-eabi/7.2.1/../../../../arm-none-eabi/lib/thumb/v7e-m/fpv4-sp/hard\libc.a(lib_a-__call_atexit.o) (atexit)
c:/ti/ccsv8/tools/compiler/gcc-arm-none-eabi-7-2017-q4-major-win32/bin/../lib/gcc/arm-none-eabi/7.2.1/../../../../arm-none-eabi/lib/thumb/v7e-m/fpv4-sp/hard\libc.a(lib_a-fini.o)
                              c:/ti/ccsv8/tools/compiler/gcc-arm-none-eabi-7-2017-q4-major-win32/bin/../lib/gcc/arm-none-eabi/7.2.1/../../../../arm-none-eabi/lib/thumb/v7e-m/fpv4-sp/hard\libc.a(lib_a-__call_atexit.o) (__libc_fini_array)
c:/ti/ccsv8/tools/compiler/gcc-arm-none-eabi-7-2017-q4-major-win32/bin/../lib/gcc/arm-none-eabi/7.2.1/../../../../arm-none-eabi/lib/thumb/v7e-m/fpv4-sp/hard\libc.a(lib_a-lock.o)
                              c:/ti/ccsv8/tools/compiler/gcc-arm-none-eabi-7-2017-q4-major-win32/bin/../lib/gcc/arm-none-eabi/7.2.1/../../../../arm-none-eabi/lib/thumb/v7e-m/fpv4-sp/hard\libc.a(lib_a-__call_atexit.o) (__retarget_lock_acquire_recursive)
c:/ti/ccsv8/tools/compiler/gcc-arm-none-eabi-7-2017-q4-major-win32/bin/../lib/gcc/arm-none-eabi/7.2.1/../../../../arm-none-eabi/lib/thumb/v7e-m/fpv4-sp/hard\libc.a(lib_a-__atexit.o)
                              c:/ti/ccsv8/tools/compiler/gcc-arm-none-eabi-7-2017-q4-major-win32/bin/../lib/gcc/arm-none-eabi/7.2.1/../../../../arm-none-eabi/lib/thumb/v7e-m/fpv4-sp/hard\libc.a(lib_a-atexit.o) (__register_exitproc)
c:/ti/ccsv8/tools/compiler/gcc-arm-none-eabi-7-2017-q4-major-win32/bin/../lib/gcc/arm-none-eabi/7.2.1/../../../../arm-none-eabi/lib/thumb/v7e-m/fpv4-sp/hard\libm.a(lib_a-s_floor.o)
                              ./indM_control_and_RCalculation.o (floor)
c:/ti/ccsv8/tools/compiler/gcc-arm-none-eabi-7-2017-q4-major-win32/bin/../lib/gcc/arm-none-eabi/7.2.1/../../../../arm-none-eabi/lib/thumb/v7e-m/fpv4-sp/hard\libm.a(lib_a-w_pow.o)
                              ./least_square.o (pow)
c:/ti/ccsv8/tools/compiler/gcc-arm-none-eabi-7-2017-q4-major-win32/bin/../lib/gcc/arm-none-eabi/7.2.1/../../../../arm-none-eabi/lib/thumb/v7e-m/fpv4-sp/hard\libm.a(lib_a-e_pow.o)
                              c:/ti/ccsv8/tools/compiler/gcc-arm-none-eabi-7-2017-q4-major-win32/bin/../lib/gcc/arm-none-eabi/7.2.1/../../../../arm-none-eabi/lib/thumb/v7e-m/fpv4-sp/hard\libm.a(lib_a-w_pow.o) (__ieee754_pow)
c:/ti/ccsv8/tools/compiler/gcc-arm-none-eabi-7-2017-q4-major-win32/bin/../lib/gcc/arm-none-eabi/7.2.1/../../../../arm-none-eabi/lib/thumb/v7e-m/fpv4-sp/hard\libm.a(lib_a-e_sqrt.o)
[...]
Memory Configuration

Name             Origin             Length             Attributes
ROM              0x00000000         0x00040000         xr
RAM              0x20000000         0x00008000         xrw
*default*        0x00000000         0xffffffff

Linker script and memory map

LOAD c:/ti/ccsv8/tools/compiler/gcc-arm-none-eabi-7-2017-q4-major-win32/bin/../lib/gcc/arm-none-eabi/7.2.1/thumb/v7e-m/fpv4-sp/hard/crti.o
LOAD c:/ti/ccsv8/tools/compiler/gcc-arm-none-eabi-7-2017-q4-major-win32/bin/../lib/gcc/arm-none-eabi/7.2.1/thumb/v7e-m/fpv4-sp/hard/crtbegin.o
LOAD c:/ti/ccsv8/tools/compiler/gcc-arm-none-eabi-7-2017-q4-major-win32/bin/../lib/gcc/arm-none-eabi/7.2.1/../../../../arm-none-eabi/lib/thumb/v7e-m/fpv4-sp/hard/crt0.o
LOAD ./Control_Res.o
LOAD ./Local_Average.o
LOAD ./bsp.o
LOAD ./indM_control_and_RCalculation.o
LOAD ./indM_data_Processing.o
LOAD ./indM_get_Data.o
LOAD ./indM_get_Data_Array.o
LOAD ./indM_normal_Close.o
LOAD ./indM_port_configuration.o
LOAD ./indM_res_Closing.o
LOAD ./indM_res_Init.o
LOAD ./indM_safe_Close.o
LOAD ./indM_set_Time_Reference.o
LOAD ./indM_setting.o
LOAD ./indM_uART_routine.o
LOAD ./least_square.o
LOAD ./main.o
LOAD ./startup_tm4c_gnu.o
LOAD ./uartstdio.o
LOAD ./src/sc_timer_service.o
LOAD ./src-gen/indM.o
                0x00000200                STACK_SIZE = 0x200
                0x00000000                HEAP_SIZE = 0x0

.isr_vector     0x00000000      0x26c
 *(.isr_vector)
 .isr_vector    0x00000000      0x26c ./startup_tm4c_gnu.o
                0x00000000                g_pfnVectors
                0x0000026c                . = ALIGN (0x4)

.eh_frame       0x0000026c        0x4
 .eh_frame      0x0000026c        0x0 c:/ti/ccsv8/tools/compiler/gcc-arm-none-eabi-7-2017-q4-major-win32/bin/../lib/gcc/arm-none-eabi/7.2.1/thumb/v7e-m/fpv4-sp/hard/crtbegin.o
 .eh_frame      0x0000026c        0x4 c:/ti/ccsv8/tools/compiler/gcc-arm-none-eabi-7-2017-q4-major-win32/bin/../lib/gcc/arm-none-eabi/7.2.1/thumb/v7e-m/fpv4-sp/hard/crtend.o

.ARM.extab      0x00000270        0x0
 .ARM.extab     0x00000270        0x0 c:/ti/ccsv8/tools/compiler/gcc-arm-none-eabi-7-2017-q4-major-win32/bin/../lib/gcc/arm-none-eabi/7.2.1/../../../../arm-none-eabi/lib/thumb/v7e-m/fpv4-sp/hard/crt0.o

.ARM.exidx      0x00000270        0x8
 .ARM.exidx     0x00000270        0x8 c:/ti/ccsv8/tools/compiler/gcc-arm-none-eabi-7-2017-q4-major-win32/bin/../lib/gcc/arm-none-eabi/7.2.1/../../../../arm-none-eabi/lib/thumb/v7e-m/fpv4-sp/hard/crt0.o

.text           0x00000278     0x6840
                0x00000278                . = ALIGN (0x4)
 *(.text)
 .text          0x00000278        0x0 c:/ti/ccsv8/tools/compiler/gcc-arm-none-eabi-7-2017-q4-major-win32/bin/../lib/gcc/arm-none-eabi/7.2.1/thumb/v7e-m/fpv4-sp/hard/crti.o
 .text          0x00000278       0x40 c:/ti/ccsv8/tools/compiler/gcc-arm-none-eabi-7-2017-q4-major-win32/bin/../lib/gcc/arm-none-eabi/7.2.1/thumb/v7e-m/fpv4-sp/hard/crtbegin.o
 .text          0x000002b8       0x74 c:/ti/ccsv8/tools/compiler/gcc-arm-none-eabi-7-2017-q4-major-win32/bin/../lib/gcc/arm-none-eabi/7.2.1/../../../../arm-none-eabi/lib/thumb/v7e-m/fpv4-sp/hard/crt0.o
                0x000002b8                _start
                0x000002b8                _mainCRTStartup
 .text          0x0000032c        0x0 ./Control_Res.o
 .text          0x0000032c        0x0 ./Local_Average.o
 .text          0x0000032c        0x0 ./bsp.o
 .text          0x0000032c        0x0 ./indM_control_and_RCalculation.o
 .text          0x0000032c        0x0 ./indM_data_Processing.o
 .text          0x0000032c        0x0 ./indM_get_Data.o
 .text          0x0000032c        0x0 ./indM_get_Data_Array.o
 .text          0x0000032c        0x0 ./indM_normal_Close.o
 .text          0x0000032c        0x0 ./indM_port_configuration.o
 .text          0x0000032c        0x0 ./indM_res_Closing.o
 .text          0x0000032c        0x0 ./indM_res_Init.o
 .text          0x0000032c        0x0 ./indM_safe_Close.o
 .text          0x0000032c        0x0 ./indM_set_Time_Reference.o
 .text          0x0000032c        0x0 ./indM_setting.o
 .text          0x0000032c        0x0 ./indM_uART_routine.o
 .text          0x0000032c        0x0 ./least_square.o
 .text          0x0000032c        0x0 ./main.o
 .text          0x0000032c        0x0 ./startup_tm4c_gnu.o
 .text          0x0000032c        0x0 ./uartstdio.o
 .text          0x0000032c        0x0 ./src/sc_timer_service.o
 .text          0x0000032c        0x0 ./src-gen/indM.o
 .text          0x0000032c        0x0 c:/ti/ccsv8/tools/compiler/gcc-arm-none-eabi-7-2017-q4-major-win32/bin/../lib/gcc/arm-none-eabi/7.2.1/../../../../arm-none-eabi/lib/thumb/v7e-m/fpv4-sp/hard\libc.a(lib_a-exit.o)
 .text          0x0000032c        0x0 c:/ti/ccsv8/tools/compiler/gcc-arm-none-eabi-7-2017-q4-major-win32/bin/../lib/gcc/arm-none-eabi/7.2.1/../../../../arm-none-eabi/lib/thumb/v7e-m/fpv4-sp/hard\libc.a(lib_a-impure.o)
 .text          0x0000032c        0x0 c:/ti/ccsv8/tools/compiler/gcc-arm-none-eabi-7-2017-q4-major-win32/bin/../lib/gcc/arm-none-eabi/7.2.1/../../../../arm-none-eabi/lib/thumb/v7e-m/fpv4-sp/hard\libc.a(lib_a-init.o)
 .text          0x0000032c        0x0 c:/ti/ccsv8/tools/compiler/gcc-arm-none-eabi-7-2017-q4-major-win32/bin/../lib/gcc/arm-none-eabi/7.2.1/../../../../arm-none-eabi/lib/thumb/v7e-m/fpv4-sp/hard\libc.a(lib_a-memset.o)
 .text          0x0000032c        0x0 c:/ti/ccsv8/tools/compiler/gcc-arm-none-eabi-7-2017-q4-major-win32/bin/../lib/gcc/arm-none-eabi/7.2.1/../../../../arm-none-eabi/lib/thumb/v7e-m/fpv4-sp/hard\libc.a(lib_a-__call_atexit.o)
 .text          0x0000032c        0x0 c:/ti/ccsv8/tools/compiler/gcc-arm-none-eabi-7-2017-q4-major-win32/bin/../lib/gcc/arm-none-eabi/7.2.1/../../../../arm-none-eabi/lib/thumb/v7e-m/fpv4-sp/hard\libc.a(lib_a-atexit.o)
 .text          0x0000032c        0x0 c:/ti/ccsv8/tools/compiler/gcc-arm-none-eabi-7-2017-q4-major-win32/bin/../lib/gcc/arm-none-eabi/7.2.1/../../../../arm-none-eabi/lib/thumb/v7e-m/fpv4-sp/hard\libc.a(lib_a-fini.o)
 .text          0x0000032c        0x0 c:/ti/ccsv8/tools/compiler/gcc-arm-none-eabi-7-2017-q4-major-win32/bin/../lib/gcc/arm-none-eabi/7.2.1/../../../../arm-none-eabi/lib/thumb/v7e-m/fpv4-sp/hard\libc.a(lib_a-lock.o)
 .text          0x0000032c        0x0 c:/ti/ccsv8/tools/compiler/gcc-arm-none-eabi-7-2017-q4-major-win32/bin/../lib/gcc/arm-none-eabi/7.2.1/../../../../arm-none-eabi/lib/thumb/v7e-m/fpv4-sp/hard\libc.a(lib_a-__atexit.o)
 .text          0x0000032c        0x0 c:/ti/ccsv8/tools/compiler/gcc-arm-none-eabi-7-2017-q4-major-win32/bin/../lib/gcc/arm-none-eabi/7.2.1/../../../../arm-none-eabi/lib/thumb/v7e-m/fpv4-sp/hard\libm.a(lib_a-s_floor.o)
 .text          0x0000032c        0x0 c:/ti/ccsv8/tools/compiler/gcc-arm-none-eabi-7-2017-q4-major-win32/bin/../lib/gcc/arm-none-eabi/7.2.1/../../../../arm-none-eabi/lib/thumb/v7e-m/fpv4-sp/hard\libm.a(lib_a-w_pow.o)
 .text          0x0000032c        0x0 c:/ti/ccsv8/tools/compiler/gcc-arm-none-eabi-7-2017-q4-major-win32/bin/../lib/gcc/arm-none-eabi/7.2.1/../../../../arm-none-eabi/lib/thumb/v7e-m/fpv4-sp/hard\libm.a(lib_a-e_pow.o)
 .text          0x0000032c        0x0 c:/ti/ccsv8/tools/compiler/gcc-arm-none-eabi-7-2017-q4-major-win32/bin/../lib/gcc/arm-none-eabi/7.2.1/../../../../arm-none-eabi/lib/thumb/v7e-m/fpv4-sp/hard\libm.a(lib_a-e_sqrt.o)
 .text          0x0000032c        0x0 c:/ti/ccsv8/tools/compiler/gcc-arm-none-eabi-7-2017-q4-major-win32/bin/../lib/gcc/arm-none-eabi/7.2.1/../../../../arm-none-eabi/lib/thumb/v7e-m/fpv4-sp/hard\libm.a(lib_a-s_fabs.o)
 .text          0x0000032c        0x0 c:/ti/ccsv8/tools/compiler/gcc-arm-none-eabi-7-2017-q4-major-win32/bin/../lib/gcc/arm-none-eabi/7.2.1/../../../../arm-none-eabi/lib/thumb/v7e-m/fpv4-sp/hard\libm.a(lib_a-s_finite.o)
 .text          0x0000032c        0x0 c:/ti/ccsv8/tools/compiler/gcc-arm-none-eabi-7-2017-q4-major-win32/bin/../lib/gcc/arm-none-eabi/7.2.1/../../../../arm-none-eabi/lib/thumb/v7e-m/fpv4-sp/hard\libm.a(lib_a-s_lib_ver.o)
 .text          0x0000032c        0x0 c:/ti/ccsv8/tools/compiler/gcc-arm-none-eabi-7-2017-q4-major-win32/bin/../lib/gcc/arm-none-eabi/7.2.1/../../../../arm-none-eabi/lib/thumb/v7e-m/fpv4-sp/hard\libm.a(lib_a-s_matherr.o)
 .text          0x0000032c        0x0 c:/ti/ccsv8/tools/compiler/gcc-arm-none-eabi-7-2017-q4-major-win32/bin/../lib/gcc/arm-none-eabi/7.2.1/../../../../arm-none-eabi/lib/thumb/v7e-m/fpv4-sp/hard\libm.a(lib_a-s_nan.o)
 .text          0x0000032c        0x0 c:/ti/ccsv8/tools/compiler/gcc-arm-none-eabi-7-2017-q4-major-win32/bin/../lib/gcc/arm-none-eabi/7.2.1/../../../../arm-none-eabi/lib/thumb/v7e-m/fpv4-sp/hard\libm.a(lib_a-s_rint.o)
 .text          0x0000032c        0x0 c:/ti/ccsv8/tools/compiler/gcc-arm-none-eabi-7-2017-q4-major-win32/bin/../lib/gcc/arm-none-eabi/7.2.1/../../../../arm-none-eabi/lib/thumb/v7e-m/fpv4-sp/hard\libm.a(lib_a-s_scalbn.o)
 .text          0x0000032c        0x0 c:/ti/ccsv8/tools/compiler/gcc-arm-none-eabi-7-2017-q4-major-win32/bin/../lib/gcc/arm-none-eabi/7.2.1/../../../../arm-none-eabi/lib/thumb/v7e-m/fpv4-sp/hard\libm.a(lib_a-s_copysign.o)
 .text          0x0000032c      0x378 c:/ti/ccsv8/tools/compiler/gcc-arm-none-eabi-7-2017-q4-major-win32/bin/../lib/gcc/arm-none-eabi/7.2.1/thumb/v7e-m/fpv4-sp/hard\libgcc.a(_arm_addsubdf3.o)
                0x0000032c                __aeabi_drsub
                0x00000334                __aeabi_dsub
                0x00000334                __subdf3
                0x00000338                __aeabi_dadd
                0x00000338                __adddf3
                0x000005b0                __floatunsidf
                0x000005b0                __aeabi_ui2d
                0x000005d0                __floatsidf
                0x000005d0                __aeabi_i2d
                0x000005f4                __aeabi_f2d
                0x000005f4                __extendsfdf2
                0x00000638                __floatundidf
                0x00000638                __aeabi_ul2d
                0x00000648                __floatdidf
                0x00000648                __aeabi_l2d
 .text          0x000006a4      0x424 c:/ti/ccsv8/tools/compiler/gcc-arm-none-eabi-7-2017-q4-major-win32/bin/../lib/gcc/arm-none-eabi/7.2.1/thumb/v7e-m/fpv4-sp/hard\libgcc.a(_arm_muldivdf3.o)
                0x000006a4                __aeabi_dmul
                0x000006a4                __muldf3
                0x000008f8                __divdf3
                0x000008f8                __aeabi_ddiv
 .text          0x00000ac8      0x110 c:/ti/ccsv8/tools/compiler/gcc-arm-none-eabi-7-2017-q4-major-win32/bin/../lib/gcc/arm-none-eabi/7.2.1/thumb/v7e-m/fpv4-sp/hard\libgcc.a(_arm_cmpdf2.o)
                0x00000ac8                __gtdf2
                0x00000ac8                __gedf2
                0x00000ad0                __ltdf2
                0x00000ad0                __ledf2
                0x00000ad8                __nedf2
                0x00000ad8                __eqdf2
                0x00000ad8                __cmpdf2
                0x00000b54                __aeabi_cdrcmple
                0x00000b64                __aeabi_cdcmpeq
                0x00000b64                __aeabi_cdcmple
                0x00000b74                __aeabi_dcmpeq
                0x00000b88                __aeabi_dcmplt
                0x00000b9c                __aeabi_dcmple
                0x00000bb0                __aeabi_dcmpge
                0x00000bc4                __aeabi_dcmpgt
 .text          0x00000bd8       0x2c c:/ti/ccsv8/tools/compiler/gcc-arm-none-eabi-7-2017-q4-major-win32/bin/../lib/gcc/arm-none-eabi/7.2.1/thumb/v7e-m/fpv4-sp/hard\libgcc.a(_arm_unorddf2.o)
                0x00000bd8                __unorddf2
                0x00000bd8                __aeabi_dcmpun
 .text          0x00000c04       0x50 c:/ti/ccsv8/tools/compiler/gcc-arm-none-eabi-7-2017-q4-major-win32/bin/../lib/gcc/arm-none-eabi/7.2.1/thumb/v7e-m/fpv4-sp/hard\libgcc.a(_arm_fixdfsi.o)
                0x00000c04                __aeabi_d2iz
                0x00000c04                __fixdfsi
 .text          0x00000c54       0x40 c:/ti/ccsv8/tools/compiler/gcc-arm-none-eabi-7-2017-q4-major-win32/bin/../lib/gcc/arm-none-eabi/7.2.1/thumb/v7e-m/fpv4-sp/hard\libgcc.a(_arm_fixunsdfsi.o)
                0x00000c54                __aeabi_d2uiz
                0x00000c54                __fixunsdfsi
 .text          0x00000c94       0xa0 c:/ti/ccsv8/tools/compiler/gcc-arm-none-eabi-7-2017-q4-major-win32/bin/../lib/gcc/arm-none-eabi/7.2.1/thumb/v7e-m/fpv4-sp/hard\libgcc.a(_arm_truncdfsf2.o)
                0x00000c94                __truncdfsf2
                0x00000c94                __aeabi_d2f
 .text          0x00000d34        0x0 c:/ti/ccsv8/tools/compiler/gcc-arm-none-eabi-7-2017-q4-major-win32/bin/../lib/gcc/arm-none-eabi/7.2.1/../../../../arm-none-eabi/lib/thumb/v7e-m/fpv4-sp/hard\libc.a(lib_a-errno.o)
 .text          0x00000d34        0x0 C:/Users/Marco/Desktop/EjemploTivaC2/tiva/TivaWare_C_Series-2.1.4.178/driverlib/gcc\libdriver.a(fpu.o)
 .text          0x00000d34        0x0 C:/Users/Marco/Desktop/EjemploTivaC2/tiva/TivaWare_C_Series-2.1.4.178/driverlib/gcc\libdriver.a(gpio.o)
 .text          0x00000d34        0x0 C:/Users/Marco/Desktop/EjemploTivaC2/tiva/TivaWare_C_Series-2.1.4.178/driverlib/gcc\libdriver.a(interrupt.o)
 .text          0x00000d34        0x0 C:/Users/Marco/Desktop/EjemploTivaC2/tiva/TivaWare_C_Series-2.1.4.178/driverlib/gcc\libdriver.a(mpu.o)
 .text          0x00000d34        0x0 C:/Users/Marco/Desktop/EjemploTivaC2/tiva/TivaWare_C_Series-2.1.4.178/driverlib/gcc\libdriver.a(ssi.o)
 .text          0x00000d34        0x0 C:/Users/Marco/Desktop/EjemploTivaC2/tiva/TivaWare_C_Series-2.1.4.178/driverlib/gcc\libdriver.a(sysctl.o)
 .text          0x00000d34        0x0 C:/Users/Marco/Desktop/EjemploTivaC2/tiva/TivaWare_C_Series-2.1.4.178/driverlib/gcc\libdriver.a(systick.o)
 .text          0x00000d34        0x0 C:/Users/Marco/Desktop/EjemploTivaC2/tiva/TivaWare_C_Series-2.1.4.178/driverlib/gcc\libdriver.a(uart.o)
 .text          0x00000d34        0x0 C:/Users/Marco/Desktop/EjemploTivaC2/tiva/TivaWare_C_Series-2.1.4.178/driverlib/gcc\libdriver.a(cpu.o)
 .text          0x00000d34        0x0 c:/ti/ccsv8/tools/compiler/gcc-arm-none-eabi-7-2017-q4-major-win32/bin/../lib/gcc/arm-none-eabi/7.2.1/../../../../arm-none-eabi/lib/thumb/v7e-m/fpv4-sp/hard\libnosys.a(_exit.o)
 .text          0x00000d34        0x0 c:/ti/ccsv8/tools/compiler/gcc-arm-none-eabi-7-2017-q4-major-win32/bin/../lib/gcc/arm-none-eabi/7.2.1/thumb/v7e-m/fpv4-sp/hard/crtend.o
 .text          0x00000d34        0x0 c:/ti/ccsv8/tools/compiler/gcc-arm-none-eabi-7-2017-q4-major-win32/bin/../lib/gcc/arm-none-eabi/7.2.1/thumb/v7e-m/fpv4-sp/hard/crtn.o
 *(.text*)
 .text.Control_Res
                0x00000d34       0x6c ./Control_Res.o
                0x00000d34                Control_Res
 .text.Local_Average
                0x00000da0       0x52 ./Local_Average.o
                0x00000da0                Local_Average
 *fill*         0x00000df2        0x2 
 .text.assert_failed
                0x00000df4       0x24 ./bsp.o
                0x00000df4                assert_failed
 .text.sw_debounce
                0x00000e18       0x60 ./bsp.o
                0x00000e18                sw_debounce
 .text.SysTick_Init
                0x00000e78       0x14 ./bsp.o
                0x00000e78                SysTick_Init
 .text.indM_control_and_RCalculation
                0x00000e8c      0x2ac ./indM_control_and_RCalculation.o
                0x00000e8c                indM_control_and_RCalculation
 .text.indM_data_Processing
                0x00001138      0x2c0 ./indM_data_Processing.o
                0x00001138                indM_data_Processing
 .text.indM_get_Data
                0x000013f8       0x2c ./indM_get_Data.o
                0x000013f8                indM_get_Data
 .text.indM_get_Data_Array
                0x00001424       0x8c ./indM_get_Data_Array.o
                0x00001424                indM_get_Data_Array
 .text.indM_normal_Close
                0x000014b0       0x68 ./indM_normal_Close.o
                0x000014b0                indM_normal_Close
 .text.indM_port_configuration
                0x00001518      0x2a0 ./indM_port_configuration.o
                0x00001518                indM_port_configuration
 .text.indM_res_Closing
                0x000017b8       0x80 ./indM_res_Closing.o
                0x000017b8                indM_res_Closing
 .text.indM_res_Init
                0x00001838      0x174 ./indM_res_Init.o
                0x00001838                indM_res_Init
 .text.indM_safe_Close
                0x000019ac       0x58 ./indM_safe_Close.o
                0x000019ac                indM_safe_Close
 .text.indM_set_Time_Reference
                0x00001a04       0x1c ./indM_set_Time_Reference.o
                0x00001a04                indM_set_Time_Reference
 .text.indM_setting
                0x00001a20      0x28c ./indM_setting.o
                0x00001a20                indM_setting
 .text.indM_uART_routine
                0x00001cac       0xc4 ./indM_uART_routine.o
                0x00001cac                indM_uART_routine
 .text.least_square
                0x00001d70      0x16c ./least_square.o
                0x00001d70                least_square
 .text.SysTick_Handler_Hook
                0x00001edc       0x10 ./main.o
                0x00001edc                SysTick_Handler_Hook
 .text.indM_set_timer
                0x00001eec       0x1c ./main.o
                0x00001eec                indM_set_timer
 .text.indM_unset_timer
                0x00001f08       0x10 ./main.o
                0x00001f08                indM_unset_timer
 .text.Systick_Configuration
                0x00001f18       0x24 ./main.o
                0x00001f18                Systick_Configuration
 .text.main     0x00001f3c       0xbc ./main.o
                0x00001f3c                main
 .text.indM_systick_Conf
                0x00001ff8        0xa ./main.o
                0x00001ff8                indM_systick_Conf
 .text.indM_handler_Disable
                0x00002002        0xc ./main.o
                0x00002002                indM_handler_Disable
 *fill*         0x0000200e        0x2 
 .text.NMI_Handler
                0x00002010       0x14 ./startup_tm4c_gnu.o
                0x00002010                NMI_Handler
 .text.MemManage_Handler
                0x00002024       0x18 ./startup_tm4c_gnu.o
                0x00002024                MemManage_Handler
 .text.HardFault_Handler
                0x0000203c       0x18 ./startup_tm4c_gnu.o
                0x0000203c                HardFault_Handler
 .text.BusFault_Handler
                0x00002054       0x18 ./startup_tm4c_gnu.o
                0x00002054                BusFault_Handler
 .text.UsageFault_Handler
                0x0000206c       0x1c ./startup_tm4c_gnu.o
                0x0000206c                UsageFault_Handler
 .text.Default_Handler
                0x00002088       0x18 ./startup_tm4c_gnu.o
                0x00002088                uDMAST_IRQHandler
                0x00002088                GPIOPortP4_IRQHandler
                0x00002088                PWM1Gen3_IRQHandler
                0x00002088                WideTimer5B_IRQHandler
                0x00002088                DebugMon_Handler
                0x00002088                QEI2_IRQHandler
                0x00002088                FlashCtrl_IRQHandler
                0x00002088                GPIOPortP7_IRQHandler
                0x00002088                Timer0B_IRQHandler
                0x00002088                I2C0_IRQHandler
                0x00002088                SysTick_Handler
                0x00002088                WideTimer4B_IRQHandler
                0x00002088                PendSV_Handler
                0x00002088                I2C1_IRQHandler
                0x00002088                GPIOPortP5_IRQHandler
                0x00002088                PWMGen0_IRQHandler
                0x00002088                UART1_IRQHandler
                0x00002088                CAN1_IRQHandler
                0x00002088                Timer1B_IRQHandler
                0x00002088                Watchdog_IRQHandler
                0x00002088                GPIOPortS_IRQHandler
                0x00002088                GPIOPortQ7_IRQHandler
                0x00002088                PWM1Gen2_IRQHandler
                0x00002088                UART0_IRQHandler
                0x00002088                GPIOPortL_IRQHandler
                0x00002088                SSI0_IRQHandler
                0x00002088                GPIOPortM_IRQHandler
                0x00002088                FPU_IRQHandler
                0x00002088                ADCSeq1_IRQHandler
                0x00002088                GPIOPortP0_IRQHandler
                0x00002088                WideTimer0B_IRQHandler
                0x00002088                PWMFault_IRQHandler
                0x00002088                WideTimer1A_IRQHandler
                0x00002088                I2C4_IRQHandler
                0x00002088                I2C5_IRQHandler
                0x00002088                GPIOPortQ5_IRQHandler
                0x00002088                PWMGen1_IRQHandler
                0x00002088                SSI1_IRQHandler
                0x00002088                I2C2_IRQHandler
                0x00002088                GPIOPortC_IRQHandler
                0x00002088                UART5_IRQHandler
                0x00002088                GPIOPortK_IRQHandler
                0x00002088                ADCSeq2_IRQHandler
                0x00002088                PWMGen2_IRQHandler
                0x00002088                UART2_IRQHandler
                0x00002088                GPIOPortP3_IRQHandler
                0x00002088                ADC1Seq0_IRQHandler
                0x00002088                UART4_IRQHandler
                0x00002088                GPIOPortJ_IRQHandler
                0x00002088                Default_Handler
                0x00002088                WideTimer0A_IRQHandler
                0x00002088                Timer5A_IRQHandler
                0x00002088                WideTimer3B_IRQHandler
                0x00002088                WideTimer2B_IRQHandler
                0x00002088                WideTimer5A_IRQHandler
                0x00002088                Timer4A_IRQHandler
                0x00002088                QEI1_IRQHandler
                0x00002088                PWM1Fault_IRQHandler
                0x00002088                GPIOPortP6_IRQHandler
                0x00002088                QEI0_IRQHandler
                0x00002088                ADC1Seq2_IRQHandler
                0x00002088                ADC1Seq1_IRQHandler
                0x00002088                PWMGen3_IRQHandler
                0x00002088                GPIOPortD_IRQHandler
                0x00002088                USB0_IRQHandler
                0x00002088                I2C3_IRQHandler
                0x00002088                SVC_Handler
                0x00002088                GPIOPortP2_IRQHandler
                0x00002088                GPIOPortQ4_IRQHandler
                0x00002088                Timer3B_IRQHandler
                0x00002088                Timer3A_IRQHandler
                0x00002088                GPIOPortA_IRQHandler
                0x00002088                ADC1Seq3_IRQHandler
                0x00002088                Timer0A_IRQHandler
                0x00002088                GPIOPortP1_IRQHandler
                0x00002088                ADCSeq0_IRQHandler
                0x00002088                Timer1A_IRQHandler
                0x00002088                GPIOPortG_IRQHandler
                0x00002088                GPIOPortQ1_IRQHandler
                0x00002088                GPIOPortQ3_IRQHandler
                0x00002088                Timer5B_IRQHandler
                0x00002088                ADCSeq3_IRQHandler
                0x00002088                WideTimer4A_IRQHandler
                0x00002088                GPIOPortE_IRQHandler
                0x00002088                CAN0_IRQHandler
                0x00002088                GPIOPortQ0_IRQHandler
                0x00002088                Comp0_IRQHandler
                0x00002088                Comp1_IRQHandler
                0x00002088                Comp2_IRQHandler
                0x00002088                GPIOPortQ6_IRQHandler
                0x00002088                SSI2_IRQHandler
                0x00002088                PWM1Gen0_IRQHandler
                0x00002088                GPIOPortF_IRQHandler
                0x00002088                UART7_IRQHandler
                0x00002088                UART6_IRQHandler
                0x00002088                WideTimer2A_IRQHandler
                0x00002088                GPIOPortB_IRQHandler
                0x00002088                WideTimer3A_IRQHandler
                0x00002088                CAN2_IRQHandler
                0x00002088                WideTimer1B_IRQHandler
                0x00002088                GPIOPortH_IRQHandler
                0x00002088                GPIOPortQ2_IRQHandler
                0x00002088                GPIOPortR_IRQHandler
                0x00002088                Timer4B_IRQHandler
                0x00002088                Timer2A_IRQHandler
                0x00002088                SSI3_IRQHandler
                0x00002088                Timer2B_IRQHandler
                0x00002088                uDMAError_IRQHandler
                0x00002088                GPIOPortN_IRQHandler
                0x00002088                UART3_IRQHandler
                0x00002088                SysCtrl_IRQHandler
                0x00002088                Hibernate_IRQHandler
                0x00002088                PWM1Gen1_IRQHandler
 .text.Reset_Handler
                0x000020a0       0x60 ./startup_tm4c_gnu.o
                0x000020a0                Reset_Handler
 .text.UARTStdioConfig
                0x00002100       0x48 ./uartstdio.o
                0x00002100                UARTStdioConfig
 .text.UARTwrite
                0x00002148       0x38 ./uartstdio.o
                0x00002148                UARTwrite
 .text.UARTgets
                0x00002180       0x88 ./uartstdio.o
                0x00002180                UARTgets
 .text.UARTgetc
                0x00002208       0x14 ./uartstdio.o
                0x00002208                UARTgetc
 .text.UARTvprintf
                0x0000221c      0x204 ./uartstdio.o
                0x0000221c                UARTvprintf
 .text.UARTprintf
                0x00002420       0x1c ./uartstdio.o
                0x00002420                UARTprintf
 .text.sc_timer_fired
                0x0000243c        0xe ./src/sc_timer_service.o
 .text.sc_timer_start
                0x0000244a       0x46 ./src/sc_timer_service.o
                0x0000244a                sc_timer_start
 .text.sc_timer_cancel
                0x00002490       0x36 ./src/sc_timer_service.o
                0x00002490                sc_timer_cancel
 .text.sc_timer_service_init
                0x000024c6       0x26 ./src/sc_timer_service.o
                0x000024c6                sc_timer_service_init
 .text.sc_timer_service_proceed
                0x000024ec       0x54 ./src/sc_timer_service.o
                0x000024ec                sc_timer_service_proceed
 .text.swapInEvents
                0x00002540       0x4c ./src-gen/indM.o
 .text.clearInEvents
                0x0000258c       0x1c ./src-gen/indM.o
 .text.swapInternalEvents
                0x000025a8       0x28 ./src-gen/indM.o
 .text.clearInternalEvents
                0x000025d0        0x8 ./src-gen/indM.o
 .text.check_R_Main_s_Rl_Measurement_R_Res_Med__choice_0_tr1_tr1
                0x000025d8       0x14 ./src-gen/indM.o
 .text.check_R_Main_s_Time_Gain_Setting_R_Time_Gain_set__choice_0_tr0_tr0
                0x000025ec        0x6 ./src-gen/indM.o
 .text.check_R_Main_s_Time_Gain_Setting_R_Time_Gain_set__choice_1_tr0_tr0
                0x000025f2       0x12 ./src-gen/indM.o
 .text.enact_R_Main_s_Ind_Measurement
                0x00002604        0x6 ./src-gen/indM.o
 .text.enact_R_Handler_s_Time_Gain_Set_Handler_r_handler_s_end_time
                0x0000260a        0x8 ./src-gen/indM.o
 .text.exact_R_Main_s_Rl_Measurement_R_Res_Med_s_Control_and_RCalculation
                0x00002612        0x8 ./src-gen/indM.o
 .text.enseq_R_Main_s_Rl_Measurement_R_Res_Med_s_Wait_default
                0x0000261a        0xa ./src-gen/indM.o
 .text.effect_R_Main_s_Rl_Measurement_R_Res_Med__choice_0_tr0
                0x00002624        0x8 ./src-gen/indM.o
 .text.enseq_R_Main_s_Ind_Measurement_R_Main_Measurement_s_Wait_User_default
                0x0000262c        0xa ./src-gen/indM.o
 .text.enseq_R_Main_s_Ind_Measurement_R_Main_Measurement_s_Wait_New_data_default
                0x00002636        0xa ./src-gen/indM.o
 .text.enseq_R_Handler_s_Null_Handler_default
                0x00002640        0xa ./src-gen/indM.o
 .text.enseq_R_Handler_s_Time_Gain_Set_Handler_r_handler_s_end_time_default
                0x0000264a       0x12 ./src-gen/indM.o
 .text.exseq_R_Main_s_Port_Configuration
                0x0000265c        0x8 ./src-gen/indM.o
 .text.exseq_R_Main_s_Rl_Measurement_R_Res_Med_s_Wait
                0x00002664        0x8 ./src-gen/indM.o
 .text.exseq_R_Main_s_Rl_Measurement_R_Res_Med_s_Initilization
                0x0000266c        0x8 ./src-gen/indM.o
 .text.exseq_R_Main_s_Rl_Measurement_R_Res_Med_s_Control_and_RCalculation
                0x00002674        0xe ./src-gen/indM.o
 .text.exseq_R_Main_s_Rl_Measurement_R_Res_Med_s_Close
                0x00002682        0x8 ./src-gen/indM.o
 .text.exseq_R_Main_s_Time_Gain_Setting_R_Time_Gain_set_s_Safe_Close
                0x0000268a        0x8 ./src-gen/indM.o
 .text.exseq_R_Main_s_Time_Gain_Setting_R_Time_Gain_set_s_Normal_Close
                0x00002692        0x8 ./src-gen/indM.o
 .text.exseq_R_Main_s_Ind_Measurement_R_Main_Measurement_s_Wait_User
                0x0000269a        0x8 ./src-gen/indM.o
 .text.exseq_R_Main_s_Ind_Measurement_R_Main_Measurement_s_Wait_New_data
                0x000026a2        0x8 ./src-gen/indM.o
 .text.exseq_R_Main_s_Ind_Measurement_R_Main_Measurement_s_Data_Processing
                0x000026aa        0x8 ./src-gen/indM.o
 .text.exseq_R_Handler_s_Null_Handler
                0x000026b2        0xa ./src-gen/indM.o
 .text.exseq_R_Handler_s_Time_Gain_Set_Handler_r_handler_s_end_time
                0x000026bc        0xa ./src-gen/indM.o
 .text.exseq_R_Main_s_Rl_Measurement_R_Res_Med
                0x000026c6       0x2a ./src-gen/indM.o
 .text.exseq_R_Main_s_Rl_Measurement
                0x000026f0        0x8 ./src-gen/indM.o
 .text.exseq_R_Main_s_Ind_Measurement_R_Main_Measurement
                0x000026f8       0x24 ./src-gen/indM.o
 .text.exseq_R_Main_s_Ind_Measurement
                0x0000271c        0x8 ./src-gen/indM.o
 .text.react_R_Main_s_Ind_Measurement_R_Main_Measurement__entry_Default
                0x00002724        0x8 ./src-gen/indM.o
 .text.enseq_R_Main_s_Ind_Measurement_R_Main_Measurement_default
                0x0000272c        0x8 ./src-gen/indM.o
 .text.enseq_R_Main_s_Ind_Measurement_default
                0x00002734       0x10 ./src-gen/indM.o
 .text.react_R_Handler__entry_Default
                0x00002744        0x8 ./src-gen/indM.o
 .text.enseq_R_Handler_default
                0x0000274c        0x8 ./src-gen/indM.o
 .text.react    0x00002754        0x4 ./src-gen/indM.o
 .text.R_Main_s_Rl_Measurement_react
                0x00002758       0x12 ./src-gen/indM.o
 .text.R_Main_s_Rl_Measurement_R_Res_Med_s_Initilization_react
                0x0000276a       0x28 ./src-gen/indM.o
 .text.R_Main_s_Time_Gain_Setting_react
                0x00002792       0x12 ./src-gen/indM.o
 .text.enact_R_Main_s_Port_Configuration
                0x000027a4        0xc ./src-gen/indM.o
 .text.enseq_R_Main_s_Port_Configuration_default
                0x000027b0       0x12 ./src-gen/indM.o
 .text.react_R_Main__entry_Default
                0x000027c2        0x8 ./src-gen/indM.o
 .text.enseq_R_Main_default
                0x000027ca        0x8 ./src-gen/indM.o
 .text.R_Main_s_Ind_Measurement_react
                0x000027d2       0x28 ./src-gen/indM.o
 .text.R_Main_s_Ind_Measurement_R_Main_Measurement_s_Data_Processing_react
                0x000027fa       0x2c ./src-gen/indM.o
 .text.exact_R_Main_s_Time_Gain_Setting_R_Time_Gain_set_s_Setting
                0x00002826        0xc ./src-gen/indM.o
 .text.exseq_R_Main_s_Time_Gain_Setting_R_Time_Gain_set_s_Setting
                0x00002832        0xe ./src-gen/indM.o
 .text.exseq_R_Main
                0x00002840       0x5e ./src-gen/indM.o
 .text.exseq_R_Main_s_Time_Gain_Setting_R_Time_Gain_set
                0x0000289e       0x24 ./src-gen/indM.o
 .text.exseq_R_Main_s_Time_Gain_Setting
                0x000028c2        0x8 ./src-gen/indM.o
 .text.effect_R_Main_s_Time_Gain_Setting_tr0
                0x000028ca       0x10 ./src-gen/indM.o
 .text.react_R_Main_s_Time_Gain_Setting_R_Time_Gain_set_Close
                0x000028da        0x8 ./src-gen/indM.o
 .text.R_Main_s_Time_Gain_Setting_R_Time_Gain_set_s_Safe_Close_react
                0x000028e2       0x26 ./src-gen/indM.o
 .text.R_Main_s_Time_Gain_Setting_R_Time_Gain_set_s_Normal_Close_react
                0x00002908       0x26 ./src-gen/indM.o
 .text.exact_R_Handler_s_Time_Gain_Set_Handler_r_handler_s_waiting
                0x0000292e        0xc ./src-gen/indM.o
 .text.exseq_R_Handler_s_Time_Gain_Set_Handler_r_handler_s_waiting
                0x0000293a       0x10 ./src-gen/indM.o
 .text.exseq_R_Handler_s_Time_Gain_Set_Handler_r_handler
                0x0000294a       0x1a ./src-gen/indM.o
 .text.exseq_R_Handler_s_Time_Gain_Set_Handler
                0x00002964        0x8 ./src-gen/indM.o
 .text.exact_R_Handler_s_Rl_Measurement_Handler
                0x0000296c        0xc ./src-gen/indM.o
 .text.exseq_R_Handler_s_Rl_Measurement_Handler
                0x00002978       0x10 ./src-gen/indM.o
 .text.exact_R_Handler_s_Ind_Measurement_Handler
                0x00002988        0xc ./src-gen/indM.o
 .text.exseq_R_Handler_s_Ind_Measurement_Handler
                0x00002994       0x10 ./src-gen/indM.o
 .text.exseq_R_Handler
                0x000029a4       0x32 ./src-gen/indM.o
 .text.enact_R_Main_s_Rl_Measurement_R_Res_Med_s_Initilization
                0x000029d6       0x18 ./src-gen/indM.o
 .text.enseq_R_Main_s_Rl_Measurement_R_Res_Med_s_Initilization_default
                0x000029ee       0x12 ./src-gen/indM.o
 .text.react_R_Main_s_Rl_Measurement_R_Res_Med_Default
                0x00002a00        0x8 ./src-gen/indM.o
 .text.enseq_R_Main_s_Rl_Measurement_R_Res_Med_Default
                0x00002a08        0x8 ./src-gen/indM.o
 .text.enseq_R_Main_s_Rl_Measurement_Default
                0x00002a10        0x8 ./src-gen/indM.o
 .text.R_Main_s_Port_Configuration_react
                0x00002a18       0x2c ./src-gen/indM.o
 .text.enact_R_Main_s_Rl_Measurement_R_Res_Med_s_Control_and_RCalculation
                0x00002a44       0x16 ./src-gen/indM.o
 .text.enseq_R_Main_s_Rl_Measurement_R_Res_Med_s_Control_and_RCalculation_default
                0x00002a5a       0x12 ./src-gen/indM.o
 .text.R_Main_s_Rl_Measurement_R_Res_Med_s_Wait_react
                0x00002a6c       0x32 ./src-gen/indM.o
 .text.enact_R_Main_s_Rl_Measurement_R_Res_Med_s_Close
                0x00002a9e        0xe ./src-gen/indM.o
 .text.enseq_R_Main_s_Rl_Measurement_R_Res_Med_s_Close_default
                0x00002aac       0x12 ./src-gen/indM.o
 .text.effect_R_Main_s_Rl_Measurement_R_Res_Med__choice_0_tr1
                0x00002abe        0x8 ./src-gen/indM.o
 .text.react_R_Main_s_Rl_Measurement_R_Res_Med__choice_0
                0x00002ac6       0x1a ./src-gen/indM.o
 .text.R_Main_s_Rl_Measurement_R_Res_Med_s_Control_and_RCalculation_react
                0x00002ae0       0x20 ./src-gen/indM.o
 .text.enact_R_Handler_s_Rl_Measurement_Handler
                0x00002b00       0x18 ./src-gen/indM.o
 .text.enseq_R_Handler_s_Rl_Measurement_Handler_default
                0x00002b18       0x12 ./src-gen/indM.o
 *fill*         0x00002b2a        0x2 
 .text.enact_R_Handler_s_Ind_Measurement_Handler
                0x00002b2c       0x1c ./src-gen/indM.o
 .text.enseq_R_Handler_s_Ind_Measurement_Handler_default
                0x00002b48       0x12 ./src-gen/indM.o
 *fill*         0x00002b5a        0x2 
 .text.enact_R_Handler_s_Time_Gain_Set_Handler_r_handler_s_waiting
                0x00002b5c       0x14 ./src-gen/indM.o
 .text.enseq_R_Handler_s_Time_Gain_Set_Handler_r_handler_s_waiting_default
                0x00002b70       0x12 ./src-gen/indM.o
 .text.react_R_Handler_s_Time_Gain_Set_Handler_r_handler__entry_Default
                0x00002b82        0x8 ./src-gen/indM.o
 .text.enseq_R_Handler_s_Time_Gain_Set_Handler_r_handler_default
                0x00002b8a        0x8 ./src-gen/indM.o
 .text.enseq_R_Handler_s_Time_Gain_Set_Handler_default
                0x00002b92        0x8 ./src-gen/indM.o
 .text.enact_R_Main_s_Time_Gain_Setting_R_Time_Gain_set_s_Setting
                0x00002b9a       0x28 ./src-gen/indM.o
 .text.enseq_R_Main_s_Time_Gain_Setting_R_Time_Gain_set_s_Setting_default
                0x00002bc2       0x12 ./src-gen/indM.o
 .text.react_R_Main_s_Time_Gain_Setting_R_Time_Gain_set_Time_Start
                0x00002bd4        0x8 ./src-gen/indM.o
 .text.enseq_R_Main_s_Time_Gain_Setting_R_Time_Gain_set_Time_Start
                0x00002bdc        0x8 ./src-gen/indM.o
 .text.enseq_R_Main_s_Time_Gain_Setting_Time_Start
                0x00002be4        0x8 ./src-gen/indM.o
 .text.R_Main_s_Rl_Measurement_R_Res_Med_s_Close_react
                0x00002bec       0x42 ./src-gen/indM.o
 .text.effect_R_Main_s_Time_Gain_Setting_R_Time_Gain_set__choice_1_tr1
                0x00002c2e        0x8 ./src-gen/indM.o
 .text.enact_R_Main_s_Time_Gain_Setting_R_Time_Gain_set_s_Safe_Close
                0x00002c36        0xc ./src-gen/indM.o
 .text.enseq_R_Main_s_Time_Gain_Setting_R_Time_Gain_set_s_Safe_Close_default
                0x00002c42       0x12 ./src-gen/indM.o
 .text.effect_R_Main_s_Time_Gain_Setting_R_Time_Gain_set__choice_0_tr0
                0x00002c54        0x8 ./src-gen/indM.o
 .text.enact_R_Main_s_Time_Gain_Setting_R_Time_Gain_set_s_Normal_Close
                0x00002c5c       0x10 ./src-gen/indM.o
 .text.enseq_R_Main_s_Time_Gain_Setting_R_Time_Gain_set_s_Normal_Close_default
                0x00002c6c       0x12 ./src-gen/indM.o
 .text.effect_R_Main_s_Time_Gain_Setting_R_Time_Gain_set__choice_1_tr0
                0x00002c7e        0x8 ./src-gen/indM.o
 .text.react_R_Main_s_Time_Gain_Setting_R_Time_Gain_set__choice_1
                0x00002c86       0x1a ./src-gen/indM.o
 .text.effect_R_Main_s_Time_Gain_Setting_R_Time_Gain_set__choice_0_tr1
                0x00002ca0        0x8 ./src-gen/indM.o
 .text.react_R_Main_s_Time_Gain_Setting_R_Time_Gain_set__choice_0
                0x00002ca8       0x1a ./src-gen/indM.o
 .text.R_Main_s_Time_Gain_Setting_R_Time_Gain_set_s_Setting_react
                0x00002cc2       0x28 ./src-gen/indM.o
 .text.R_Main_s_Ind_Measurement_R_Main_Measurement_s_Wait_User_react
                0x00002cea       0x38 ./src-gen/indM.o
 .text.enact_R_Main_s_Ind_Measurement_R_Main_Measurement_s_Data_Processing
                0x00002d22       0x14 ./src-gen/indM.o
 .text.enseq_R_Main_s_Ind_Measurement_R_Main_Measurement_s_Data_Processing_default
                0x00002d36       0x12 ./src-gen/indM.o
 .text.R_Main_s_Ind_Measurement_R_Main_Measurement_s_Wait_New_data_react
                0x00002d48       0x38 ./src-gen/indM.o
 .text.R_Handler_s_Ind_Measurement_Handler_react
                0x00002d80       0x3e ./src-gen/indM.o
 .text.indM_init
                0x00002dbe       0x5e ./src-gen/indM.o
                0x00002dbe                indM_init
 .text.indM_enter
                0x00002e1c       0x24 ./src-gen/indM.o
                0x00002e1c                indM_enter
 .text.indM_exit
                0x00002e40       0x24 ./src-gen/indM.o
                0x00002e40                indM_exit
 .text.indM_is_active
                0x00002e64       0x22 ./src-gen/indM.o
                0x00002e64                indM_is_active
 .text.indM_is_final
                0x00002e86        0x4 ./src-gen/indM.o
                0x00002e86                indM_is_final
 .text.indM_raise_time_event
                0x00002e8a       0x12 ./src-gen/indM.o
                0x00002e8a                indM_raise_time_event
 .text.indM_is_state_active
                0x00002e9c      0x124 ./src-gen/indM.o
                0x00002e9c                indM_is_state_active
 .text.R_Handler_s_Null_Handler_react
                0x00002fc0       0x2a ./src-gen/indM.o
 .text.R_Handler_s_Time_Gain_Set_Handler_react
                0x00002fea       0x42 ./src-gen/indM.o
 .text.R_Handler_s_Time_Gain_Set_Handler_r_handler_s_waiting_react
                0x0000302c       0x2c ./src-gen/indM.o
 .text.R_Handler_s_Time_Gain_Set_Handler_r_handler_s_end_time_react
                0x00003058       0x16 ./src-gen/indM.o
 .text.R_Handler_s_Rl_Measurement_Handler_react
                0x0000306e       0x56 ./src-gen/indM.o
 .text.indM_run_cycle
                0x000030c4      0x13c ./src-gen/indM.o
                0x000030c4                indM_run_cycle
 .text.indM_raise_play
                0x00003200        0x8 ./src-gen/indM.o
                0x00003200                indM_raise_play
 .text.indM_raise_stop
                0x00003208        0x8 ./src-gen/indM.o
                0x00003208                indM_raise_stop
 .text.indM_get_conf_Ready
                0x00003210        0x4 ./src-gen/indM.o
                0x00003210                indM_get_conf_Ready
 .text.indM_set_conf_Ready
                0x00003214        0x4 ./src-gen/indM.o
                0x00003214                indM_set_conf_Ready
 .text.indM_get_sp_Vref
                0x00003218        0x4 ./src-gen/indM.o
                0x00003218                indM_get_sp_Vref
 .text.indM_set_sp_Vref
                0x0000321c        0x4 ./src-gen/indM.o
                0x0000321c                indM_set_sp_Vref
 .text.indM_get_sp_v_gate
                0x00003220        0x4 ./src-gen/indM.o
                0x00003220                indM_get_sp_v_gate
 .text.indM_set_sp_v_gate
                0x00003224        0x4 ./src-gen/indM.o
                0x00003224                indM_set_sp_v_gate
 .text.indM_get_sp_data
                0x00003228        0x4 ./src-gen/indM.o
                0x00003228                indM_get_sp_data
 .text.indM_set_sp_data
                0x0000322c        0x4 ./src-gen/indM.o
                0x0000322c                indM_set_sp_data
 .text.indM_get_sp_R
                0x00003230        0x4 ./src-gen/indM.o
                0x00003230                indM_get_sp_R
 .text.indM_set_sp_R
                0x00003234        0x4 ./src-gen/indM.o
                0x00003234                indM_set_sp_R
 .text.indM_get_sp_bf_Y
                0x00003238        0x4 ./src-gen/indM.o
                0x00003238                indM_get_sp_bf_Y
 .text.indM_set_sp_bf_Y
                0x0000323c        0x4 ./src-gen/indM.o
                0x0000323c                indM_set_sp_bf_Y
 .text.indM_get_sp_bf_i_Y
                0x00003240        0x4 ./src-gen/indM.o
                0x00003240                indM_get_sp_bf_i_Y
 .text.indM_set_sp_bf_i_Y
                0x00003244        0x4 ./src-gen/indM.o
                0x00003244                indM_set_sp_bf_i_Y
 .text.indM_get_runs
                0x00003248        0x4 ./src-gen/indM.o
                0x00003248                indM_get_runs
 .text.indM_set_runs
                0x0000324c        0x4 ./src-gen/indM.o
                0x0000324c                indM_set_runs
 .text.indM_get_f_res_configured
                0x00003250        0x6 ./src-gen/indM.o
                0x00003250                indM_get_f_res_configured
 .text.indM_set_f_res_configured
                0x00003256        0x6 ./src-gen/indM.o
                0x00003256                indM_set_f_res_configured
 .text.indM_get_n_i
                0x0000325c        0x4 ./src-gen/indM.o
                0x0000325c                indM_get_n_i
 .text.indM_set_n_i
                0x00003260        0x4 ./src-gen/indM.o
                0x00003260                indM_set_n_i
 .text.indM_get_n_f
                0x00003264        0x4 ./src-gen/indM.o
                0x00003264                indM_get_n_f
 .text.indM_set_n_f
                0x00003268        0x4 ./src-gen/indM.o
                0x00003268                indM_set_n_f
 .text.indM_get_n_samples
                0x0000326c        0x4 ./src-gen/indM.o
                0x0000326c                indM_get_n_samples
 .text.indM_set_n_samples
                0x00003270        0x4 ./src-gen/indM.o
                0x00003270                indM_set_n_samples
 .text.indM_get_f_ireach
                0x00003274        0x6 ./src-gen/indM.o
                0x00003274                indM_get_f_ireach
 .text.indM_set_f_ireach
                0x0000327a        0x6 ./src-gen/indM.o
                0x0000327a                indM_set_f_ireach
 .text.indM_get_wrongSetting
                0x00003280        0x6 ./src-gen/indM.o
                0x00003280                indM_get_wrongSetting
 .text.indM_set_wrongSetting
                0x00003286        0x6 ./src-gen/indM.o
                0x00003286                indM_set_wrongSetting
 .text.indM_get_gain_set
                0x0000328c        0x6 ./src-gen/indM.o
                0x0000328c                indM_get_gain_set
 .text.indM_set_gain_set
                0x00003292        0x6 ./src-gen/indM.o
                0x00003292                indM_set_gain_set
 .text.indM_get_full_buffer
                0x00003298        0x6 ./src-gen/indM.o
                0x00003298                indM_get_full_buffer
 .text.indM_set_full_buffer
                0x0000329e        0x6 ./src-gen/indM.o
                0x0000329e                indM_set_full_buffer
 .text.exit     0x000032a4       0x20 c:/ti/ccsv8/tools/compiler/gcc-arm-none-eabi-7-2017-q4-major-win32/bin/../lib/gcc/arm-none-eabi/7.2.1/../../../../arm-none-eabi/lib/thumb/v7e-m/fpv4-sp/hard\libc.a(lib_a-exit.o)
                0x000032a4                exit
 .text.__libc_init_array
                0x000032c4       0x48 c:/ti/ccsv8/tools/compiler/gcc-arm-none-eabi-7-2017-q4-major-win32/bin/../lib/gcc/arm-none-eabi/7.2.1/../../../../arm-none-eabi/lib/thumb/v7e-m/fpv4-sp/hard\libc.a(lib_a-init.o)
                0x000032c4                __libc_init_array
 .text.memset   0x0000330c       0x94 c:/ti/ccsv8/tools/compiler/gcc-arm-none-eabi-7-2017-q4-major-win32/bin/../lib/gcc/arm-none-eabi/7.2.1/../../../../arm-none-eabi/lib/thumb/v7e-m/fpv4-sp/hard\libc.a(lib_a-memset.o)
                0x0000330c                memset
 .text.startup.register_fini
                0x000033a0       0x14 c:/ti/ccsv8/tools/compiler/gcc-arm-none-eabi-7-2017-q4-major-win32/bin/../lib/gcc/arm-none-eabi/7.2.1/../../../../arm-none-eabi/lib/thumb/v7e-m/fpv4-sp/hard\libc.a(lib_a-__call_atexit.o)
 .text.__call_exitprocs
                0x000033b4       0xe8 c:/ti/ccsv8/tools/compiler/gcc-arm-none-eabi-7-2017-q4-major-win32/bin/../lib/gcc/arm-none-eabi/7.2.1/../../../../arm-none-eabi/lib/thumb/v7e-m/fpv4-sp/hard\libc.a(lib_a-__call_atexit.o)
                0x000033b4                __call_exitprocs
 .text.atexit   0x0000349c        0xc c:/ti/ccsv8/tools/compiler/gcc-arm-none-eabi-7-2017-q4-major-win32/bin/../lib/gcc/arm-none-eabi/7.2.1/../../../../arm-none-eabi/lib/thumb/v7e-m/fpv4-sp/hard\libc.a(lib_a-atexit.o)
                0x0000349c                atexit
 .text.__libc_fini_array
                0x000034a8       0x34 c:/ti/ccsv8/tools/compiler/gcc-arm-none-eabi-7-2017-q4-major-win32/bin/../lib/gcc/arm-none-eabi/7.2.1/../../../../arm-none-eabi/lib/thumb/v7e-m/fpv4-sp/hard\libc.a(lib_a-fini.o)
                0x000034a8                __libc_fini_array
 .text.__retarget_lock_init
                0x000034dc        0x4 c:/ti/ccsv8/tools/compiler/gcc-arm-none-eabi-7-2017-q4-major-win32/bin/../lib/gcc/arm-none-eabi/7.2.1/../../../../arm-none-eabi/lib/thumb/v7e-m/fpv4-sp/hard\libc.a(lib_a-lock.o)
                0x000034dc                __retarget_lock_init
 .text.__retarget_lock_init_recursive
                0x000034e0        0x4 c:/ti/ccsv8/tools/compiler/gcc-arm-none-eabi-7-2017-q4-major-win32/bin/../lib/gcc/arm-none-eabi/7.2.1/../../../../arm-none-eabi/lib/thumb/v7e-m/fpv4-sp/hard\libc.a(lib_a-lock.o)
                0x000034e0                __retarget_lock_init_recursive
 .text.__retarget_lock_close
                0x000034e4        0x4 c:/ti/ccsv8/tools/compiler/gcc-arm-none-eabi-7-2017-q4-major-win32/bin/../lib/gcc/arm-none-eabi/7.2.1/../../../../arm-none-eabi/lib/thumb/v7e-m/fpv4-sp/hard\libc.a(lib_a-lock.o)
                0x000034e4                __retarget_lock_close
 .text.__retarget_lock_close_recursive
                0x000034e8        0x4 c:/ti/ccsv8/tools/compiler/gcc-arm-none-eabi-7-2017-q4-major-win32/bin/../lib/gcc/arm-none-eabi/7.2.1/../../../../arm-none-eabi/lib/thumb/v7e-m/fpv4-sp/hard\libc.a(lib_a-lock.o)
                0x000034e8                __retarget_lock_close_recursive
 .text.__retarget_lock_acquire
                0x000034ec        0x4 c:/ti/ccsv8/tools/compiler/gcc-arm-none-eabi-7-2017-q4-major-win32/bin/../lib/gcc/arm-none-eabi/7.2.1/../../../../arm-none-eabi/lib/thumb/v7e-m/fpv4-sp/hard\libc.a(lib_a-lock.o)
                0x000034ec                __retarget_lock_acquire
 .text.__retarget_lock_acquire_recursive
                0x000034f0        0x4 c:/ti/ccsv8/tools/compiler/gcc-arm-none-eabi-7-2017-q4-major-win32/bin/../lib/gcc/arm-none-eabi/7.2.1/../../../../arm-none-eabi/lib/thumb/v7e-m/fpv4-sp/hard\libc.a(lib_a-lock.o)
                0x000034f0                __retarget_lock_acquire_recursive
 .text.__retarget_lock_try_acquire
                0x000034f4        0x4 c:/ti/ccsv8/tools/compiler/gcc-arm-none-eabi-7-2017-q4-major-win32/bin/../lib/gcc/arm-none-eabi/7.2.1/../../../../arm-none-eabi/lib/thumb/v7e-m/fpv4-sp/hard\libc.a(lib_a-lock.o)
                0x000034f4                __retarget_lock_try_acquire
 .text.__retarget_lock_try_acquire_recursive
                0x000034f8        0x4 c:/ti/ccsv8/tools/compiler/gcc-arm-none-eabi-7-2017-q4-major-win32/bin/../lib/gcc/arm-none-eabi/7.2.1/../../../../arm-none-eabi/lib/thumb/v7e-m/fpv4-sp/hard\libc.a(lib_a-lock.o)
                0x000034f8                __retarget_lock_try_acquire_recursive
 .text.__retarget_lock_release
                0x000034fc        0x4 c:/ti/ccsv8/tools/compiler/gcc-arm-none-eabi-7-2017-q4-major-win32/bin/../lib/gcc/arm-none-eabi/7.2.1/../../../../arm-none-eabi/lib/thumb/v7e-m/fpv4-sp/hard\libc.a(lib_a-lock.o)
                0x000034fc                __retarget_lock_release
 .text.__retarget_lock_release_recursive
                0x00003500        0x4 c:/ti/ccsv8/tools/compiler/gcc-arm-none-eabi-7-2017-q4-major-win32/bin/../lib/gcc/arm-none-eabi/7.2.1/../../../../arm-none-eabi/lib/thumb/v7e-m/fpv4-sp/hard\libc.a(lib_a-lock.o)
                0x00003500                __retarget_lock_release_recursive
 .text.__register_exitproc
                0x00003504       0xc0 c:/ti/ccsv8/tools/compiler/gcc-arm-none-eabi-7-2017-q4-major-win32/bin/../lib/gcc/arm-none-eabi/7.2.1/../../../../arm-none-eabi/lib/thumb/v7e-m/fpv4-sp/hard\libc.a(lib_a-__atexit.o)
                0x00003504                __register_exitproc
 *fill*         0x000035c4        0x4 
 .text.floor    0x000035c8      0x110 c:/ti/ccsv8/tools/compiler/gcc-arm-none-eabi-7-2017-q4-major-win32/bin/../lib/gcc/arm-none-eabi/7.2.1/../../../../arm-none-eabi/lib/thumb/v7e-m/fpv4-sp/hard\libm.a(lib_a-s_floor.o)
                0x000035c8                floor
 .text.pow      0x000036d8      0x338 c:/ti/ccsv8/tools/compiler/gcc-arm-none-eabi-7-2017-q4-major-win32/bin/../lib/gcc/arm-none-eabi/7.2.1/../../../../arm-none-eabi/lib/thumb/v7e-m/fpv4-sp/hard\libm.a(lib_a-w_pow.o)
                0x000036d8                pow
 .text.__ieee754_pow
                0x00003a10      0xab8 c:/ti/ccsv8/tools/compiler/gcc-arm-none-eabi-7-2017-q4-major-win32/bin/../lib/gcc/arm-none-eabi/7.2.1/../../../../arm-none-eabi/lib/thumb/v7e-m/fpv4-sp/hard\libm.a(lib_a-e_pow.o)
                0x00003a10                __ieee754_pow
 .text.__ieee754_sqrt
                0x000044c8      0x194 c:/ti/ccsv8/tools/compiler/gcc-arm-none-eabi-7-2017-q4-major-win32/bin/../lib/gcc/arm-none-eabi/7.2.1/../../../../arm-none-eabi/lib/thumb/v7e-m/fpv4-sp/hard\libm.a(lib_a-e_sqrt.o)
                0x000044c8                __ieee754_sqrt
 .text.fabs     0x0000465c       0x14 c:/ti/ccsv8/tools/compiler/gcc-arm-none-eabi-7-2017-q4-major-win32/bin/../lib/gcc/arm-none-eabi/7.2.1/../../../../arm-none-eabi/lib/thumb/v7e-m/fpv4-sp/hard\libm.a(lib_a-s_fabs.o)
                0x0000465c                fabs
 .text.finite   0x00004670       0x10 c:/ti/ccsv8/tools/compiler/gcc-arm-none-eabi-7-2017-q4-major-win32/bin/../lib/gcc/arm-none-eabi/7.2.1/../../../../arm-none-eabi/lib/thumb/v7e-m/fpv4-sp/hard\libm.a(lib_a-s_finite.o)
                0x00004670                finite
 .text.matherr  0x00004680        0x4 c:/ti/ccsv8/tools/compiler/gcc-arm-none-eabi-7-2017-q4-major-win32/bin/../lib/gcc/arm-none-eabi/7.2.1/../../../../arm-none-eabi/lib/thumb/v7e-m/fpv4-sp/hard\libm.a(lib_a-s_matherr.o)
                0x00004680                matherr
 *fill*         0x00004684        0x4 
 .text.nan      0x00004688       0x10 c:/ti/ccsv8/tools/compiler/gcc-arm-none-eabi-7-2017-q4-major-win32/bin/../lib/gcc/arm-none-eabi/7.2.1/../../../../arm-none-eabi/lib/thumb/v7e-m/fpv4-sp/hard\libm.a(lib_a-s_nan.o)
                0x00004688                nan
 .text.rint     0x00004698      0x110 c:/ti/ccsv8/tools/compiler/gcc-arm-none-eabi-7-2017-q4-major-win32/bin/../lib/gcc/arm-none-eabi/7.2.1/../../../../arm-none-eabi/lib/thumb/v7e-m/fpv4-sp/hard\libm.a(lib_a-s_rint.o)
                0x00004698                rint
 .text.scalbn   0x000047a8      0x114 c:/ti/ccsv8/tools/compiler/gcc-arm-none-eabi-7-2017-q4-major-win32/bin/../lib/gcc/arm-none-eabi/7.2.1/../../../../arm-none-eabi/lib/thumb/v7e-m/fpv4-sp/hard\libm.a(lib_a-s_scalbn.o)
                0x000047a8                scalbn
 .text.copysign
                0x000048bc       0x1c c:/ti/ccsv8/tools/compiler/gcc-arm-none-eabi-7-2017-q4-major-win32/bin/../lib/gcc/arm-none-eabi/7.2.1/../../../../arm-none-eabi/lib/thumb/v7e-m/fpv4-sp/hard\libm.a(lib_a-s_copysign.o)
                0x000048bc                copysign
 .text.__errno  0x000048d8        0xc c:/ti/ccsv8/tools/compiler/gcc-arm-none-eabi-7-2017-q4-major-win32/bin/../lib/gcc/arm-none-eabi/7.2.1/../../../../arm-none-eabi/lib/thumb/v7e-m/fpv4-sp/hard\libc.a(lib_a-errno.o)
                0x000048d8                __errno
 .text.FPUEnable
                0x000048e4       0x10 C:/Users/Marco/Desktop/EjemploTivaC2/tiva/TivaWare_C_Series-2.1.4.178/driverlib/gcc\libdriver.a(fpu.o)
                0x000048e4                FPUEnable
 .text.FPUDisable
                0x000048f4       0x10 C:/Users/Marco/Desktop/EjemploTivaC2/tiva/TivaWare_C_Series-2.1.4.178/driverlib/gcc\libdriver.a(fpu.o)
                0x000048f4                FPUDisable
 .text.FPUStackingEnable
                0x00004904       0x14 C:/Users/Marco/Desktop/EjemploTivaC2/tiva/TivaWare_C_Series-2.1.4.178/driverlib/gcc\libdriver.a(fpu.o)
                0x00004904                FPUStackingEnable
 .text.FPULazyStackingEnable
                0x00004918       0x10 C:/Users/Marco/Desktop/EjemploTivaC2/tiva/TivaWare_C_Series-2.1.4.178/driverlib/gcc\libdriver.a(fpu.o)
                0x00004918                FPULazyStackingEnable
 .text.FPUStackingDisable
                0x00004928       0x10 C:/Users/Marco/Desktop/EjemploTivaC2/tiva/TivaWare_C_Series-2.1.4.178/driverlib/gcc\libdriver.a(fpu.o)
                0x00004928                FPUStackingDisable
 .text.FPUHalfPrecisionModeSet
                0x00004938       0x14 C:/Users/Marco/Desktop/EjemploTivaC2/tiva/TivaWare_C_Series-2.1.4.178/driverlib/gcc\libdriver.a(fpu.o)
                0x00004938                FPUHalfPrecisionModeSet
 .text.FPUNaNModeSet
                0x0000494c       0x14 C:/Users/Marco/Desktop/EjemploTivaC2/tiva/TivaWare_C_Series-2.1.4.178/driverlib/gcc\libdriver.a(fpu.o)
                0x0000494c                FPUNaNModeSet
 .text.FPUFlushToZeroModeSet
                0x00004960       0x14 C:/Users/Marco/Desktop/EjemploTivaC2/tiva/TivaWare_C_Series-2.1.4.178/driverlib/gcc\libdriver.a(fpu.o)
                0x00004960                FPUFlushToZeroModeSet
 .text.FPURoundingModeSet
                0x00004974       0x14 C:/Users/Marco/Desktop/EjemploTivaC2/tiva/TivaWare_C_Series-2.1.4.178/driverlib/gcc\libdriver.a(fpu.o)
                0x00004974                FPURoundingModeSet
 .text._GPIOIntNumberGet
                0x00004988       0x48 C:/Users/Marco/Desktop/EjemploTivaC2/tiva/TivaWare_C_Series-2.1.4.178/driverlib/gcc\libdriver.a(gpio.o)
 .text.GPIODirModeSet
                0x000049d0       0x2e C:/Users/Marco/Desktop/EjemploTivaC2/tiva/TivaWare_C_Series-2.1.4.178/driverlib/gcc\libdriver.a(gpio.o)
                0x000049d0                GPIODirModeSet
 .text.GPIODirModeGet
                0x000049fe       0x24 C:/Users/Marco/Desktop/EjemploTivaC2/tiva/TivaWare_C_Series-2.1.4.178/driverlib/gcc\libdriver.a(gpio.o)
                0x000049fe                GPIODirModeGet
 .text.GPIOIntTypeSet
                0x00004a22       0x5a C:/Users/Marco/Desktop/EjemploTivaC2/tiva/TivaWare_C_Series-2.1.4.178/driverlib/gcc\libdriver.a(gpio.o)
                0x00004a22                GPIOIntTypeSet
 .text.GPIOIntTypeGet
                0x00004a7c       0x4a C:/Users/Marco/Desktop/EjemploTivaC2/tiva/TivaWare_C_Series-2.1.4.178/driverlib/gcc\libdriver.a(gpio.o)
                0x00004a7c                GPIOIntTypeGet
 .text.GPIOPadConfigSet
                0x00004ac6      0x130 C:/Users/Marco/Desktop/EjemploTivaC2/tiva/TivaWare_C_Series-2.1.4.178/driverlib/gcc\libdriver.a(gpio.o)
                0x00004ac6                GPIOPadConfigSet
 .text.GPIOPadConfigGet
                0x00004bf6       0xc4 C:/Users/Marco/Desktop/EjemploTivaC2/tiva/TivaWare_C_Series-2.1.4.178/driverlib/gcc\libdriver.a(gpio.o)
                0x00004bf6                GPIOPadConfigGet
 .text.GPIOIntEnable
                0x00004cba        0xc C:/Users/Marco/Desktop/EjemploTivaC2/tiva/TivaWare_C_Series-2.1.4.178/driverlib/gcc\libdriver.a(gpio.o)
                0x00004cba                GPIOIntEnable
 .text.GPIOIntDisable
                0x00004cc6        0xe C:/Users/Marco/Desktop/EjemploTivaC2/tiva/TivaWare_C_Series-2.1.4.178/driverlib/gcc\libdriver.a(gpio.o)
                0x00004cc6                GPIOIntDisable
 .text.GPIOIntStatus
                0x00004cd4        0xe C:/Users/Marco/Desktop/EjemploTivaC2/tiva/TivaWare_C_Series-2.1.4.178/driverlib/gcc\libdriver.a(gpio.o)
                0x00004cd4                GPIOIntStatus
 .text.GPIOIntClear
                0x00004ce2        0x6 C:/Users/Marco/Desktop/EjemploTivaC2/tiva/TivaWare_C_Series-2.1.4.178/driverlib/gcc\libdriver.a(gpio.o)
                0x00004ce2                GPIOIntClear
 .text.GPIOIntRegister
                0x00004ce8       0x1a C:/Users/Marco/Desktop/EjemploTivaC2/tiva/TivaWare_C_Series-2.1.4.178/driverlib/gcc\libdriver.a(gpio.o)
                0x00004ce8                GPIOIntRegister
 .text.GPIOIntUnregister
                0x00004d02       0x16 C:/Users/Marco/Desktop/EjemploTivaC2/tiva/TivaWare_C_Series-2.1.4.178/driverlib/gcc\libdriver.a(gpio.o)
                0x00004d02                GPIOIntUnregister
 .text.GPIOIntRegisterPin
                0x00004d18       0x1e C:/Users/Marco/Desktop/EjemploTivaC2/tiva/TivaWare_C_Series-2.1.4.178/driverlib/gcc\libdriver.a(gpio.o)
                0x00004d18                GPIOIntRegisterPin
 .text.GPIOIntUnregisterPin
                0x00004d36       0x1a C:/Users/Marco/Desktop/EjemploTivaC2/tiva/TivaWare_C_Series-2.1.4.178/driverlib/gcc\libdriver.a(gpio.o)
                0x00004d36                GPIOIntUnregisterPin
 .text.GPIOPinRead
                0x00004d50        0x6 C:/Users/Marco/Desktop/EjemploTivaC2/tiva/TivaWare_C_Series-2.1.4.178/driverlib/gcc\libdriver.a(gpio.o)
                0x00004d50                GPIOPinRead
 .text.GPIOPinWrite
                0x00004d56        0x6 C:/Users/Marco/Desktop/EjemploTivaC2/tiva/TivaWare_C_Series-2.1.4.178/driverlib/gcc\libdriver.a(gpio.o)
                0x00004d56                GPIOPinWrite
 .text.GPIOPinTypeADC
                0x00004d5c       0x1c C:/Users/Marco/Desktop/EjemploTivaC2/tiva/TivaWare_C_Series-2.1.4.178/driverlib/gcc\libdriver.a(gpio.o)
                0x00004d5c                GPIOPinTypeADC
 .text.GPIOPinTypeCAN
                0x00004d78       0x1c C:/Users/Marco/Desktop/EjemploTivaC2/tiva/TivaWare_C_Series-2.1.4.178/driverlib/gcc\libdriver.a(gpio.o)
                0x00004d78                GPIOPinTypeCAN
 .text.GPIOPinTypeComparator
                0x00004d94       0x1c C:/Users/Marco/Desktop/EjemploTivaC2/tiva/TivaWare_C_Series-2.1.4.178/driverlib/gcc\libdriver.a(gpio.o)
                0x00004d94                GPIOPinTypeComparator
 .text.GPIOPinTypeComparatorOutput
                0x00004db0       0x1c C:/Users/Marco/Desktop/EjemploTivaC2/tiva/TivaWare_C_Series-2.1.4.178/driverlib/gcc\libdriver.a(gpio.o)
                0x00004db0                GPIOPinTypeComparatorOutput
 .text.GPIOPinTypeDIVSCLK
                0x00004dcc       0x1c C:/Users/Marco/Desktop/EjemploTivaC2/tiva/TivaWare_C_Series-2.1.4.178/driverlib/gcc\libdriver.a(gpio.o)
                0x00004dcc                GPIOPinTypeDIVSCLK
 .text.GPIOPinTypeEPI
                0x00004de8       0x1c C:/Users/Marco/Desktop/EjemploTivaC2/tiva/TivaWare_C_Series-2.1.4.178/driverlib/gcc\libdriver.a(gpio.o)
                0x00004de8                GPIOPinTypeEPI
 .text.GPIOPinTypeEthernetLED
                0x00004e04       0x1c C:/Users/Marco/Desktop/EjemploTivaC2/tiva/TivaWare_C_Series-2.1.4.178/driverlib/gcc\libdriver.a(gpio.o)
                0x00004e04                GPIOPinTypeEthernetLED
 .text.GPIOPinTypeEthernetMII
                0x00004e20       0x1c C:/Users/Marco/Desktop/EjemploTivaC2/tiva/TivaWare_C_Series-2.1.4.178/driverlib/gcc\libdriver.a(gpio.o)
                0x00004e20                GPIOPinTypeEthernetMII
 .text.GPIOPinTypeGPIOInput
                0x00004e3c       0x1c C:/Users/Marco/Desktop/EjemploTivaC2/tiva/TivaWare_C_Series-2.1.4.178/driverlib/gcc\libdriver.a(gpio.o)
                0x00004e3c                GPIOPinTypeGPIOInput
 .text.GPIOPinTypeGPIOOutput
                0x00004e58       0x1c C:/Users/Marco/Desktop/EjemploTivaC2/tiva/TivaWare_C_Series-2.1.4.178/driverlib/gcc\libdriver.a(gpio.o)
                0x00004e58                GPIOPinTypeGPIOOutput
 .text.GPIOPinTypeGPIOOutputOD
                0x00004e74       0x1c C:/Users/Marco/Desktop/EjemploTivaC2/tiva/TivaWare_C_Series-2.1.4.178/driverlib/gcc\libdriver.a(gpio.o)
                0x00004e74                GPIOPinTypeGPIOOutputOD
 .text.GPIOPinTypeHibernateRTCCLK
                0x00004e90       0x1c C:/Users/Marco/Desktop/EjemploTivaC2/tiva/TivaWare_C_Series-2.1.4.178/driverlib/gcc\libdriver.a(gpio.o)
                0x00004e90                GPIOPinTypeHibernateRTCCLK
 .text.GPIOPinTypeI2C
                0x00004eac       0x1c C:/Users/Marco/Desktop/EjemploTivaC2/tiva/TivaWare_C_Series-2.1.4.178/driverlib/gcc\libdriver.a(gpio.o)
                0x00004eac                GPIOPinTypeI2C
 .text.GPIOPinTypeI2CSCL
                0x00004ec8       0x1c C:/Users/Marco/Desktop/EjemploTivaC2/tiva/TivaWare_C_Series-2.1.4.178/driverlib/gcc\libdriver.a(gpio.o)
                0x00004ec8                GPIOPinTypeI2CSCL
 .text.GPIOPinTypeLCD
                0x00004ee4       0x1c C:/Users/Marco/Desktop/EjemploTivaC2/tiva/TivaWare_C_Series-2.1.4.178/driverlib/gcc\libdriver.a(gpio.o)
                0x00004ee4                GPIOPinTypeLCD
 .text.GPIOPinTypeOneWire
                0x00004f00       0x1c C:/Users/Marco/Desktop/EjemploTivaC2/tiva/TivaWare_C_Series-2.1.4.178/driverlib/gcc\libdriver.a(gpio.o)
                0x00004f00                GPIOPinTypeOneWire
 .text.GPIOPinTypePWM
                0x00004f1c       0x1c C:/Users/Marco/Desktop/EjemploTivaC2/tiva/TivaWare_C_Series-2.1.4.178/driverlib/gcc\libdriver.a(gpio.o)
                0x00004f1c                GPIOPinTypePWM
 .text.GPIOPinTypeQEI
                0x00004f38       0x1c C:/Users/Marco/Desktop/EjemploTivaC2/tiva/TivaWare_C_Series-2.1.4.178/driverlib/gcc\libdriver.a(gpio.o)
                0x00004f38                GPIOPinTypeQEI
 .text.GPIOPinTypeSSI
                0x00004f54       0x1c C:/Users/Marco/Desktop/EjemploTivaC2/tiva/TivaWare_C_Series-2.1.4.178/driverlib/gcc\libdriver.a(gpio.o)
                0x00004f54                GPIOPinTypeSSI
 .text.GPIOPinTypeTimer
                0x00004f70       0x1c C:/Users/Marco/Desktop/EjemploTivaC2/tiva/TivaWare_C_Series-2.1.4.178/driverlib/gcc\libdriver.a(gpio.o)
                0x00004f70                GPIOPinTypeTimer
 .text.GPIOPinTypeTrace
                0x00004f8c       0x1c C:/Users/Marco/Desktop/EjemploTivaC2/tiva/TivaWare_C_Series-2.1.4.178/driverlib/gcc\libdriver.a(gpio.o)
                0x00004f8c                GPIOPinTypeTrace
 .text.GPIOPinTypeUART
                0x00004fa8       0x1c C:/Users/Marco/Desktop/EjemploTivaC2/tiva/TivaWare_C_Series-2.1.4.178/driverlib/gcc\libdriver.a(gpio.o)
                0x00004fa8                GPIOPinTypeUART
 .text.GPIOPinTypeUSBAnalog
                0x00004fc4       0x1c C:/Users/Marco/Desktop/EjemploTivaC2/tiva/TivaWare_C_Series-2.1.4.178/driverlib/gcc\libdriver.a(gpio.o)
                0x00004fc4                GPIOPinTypeUSBAnalog
 .text.GPIOPinTypeUSBDigital
                0x00004fe0       0x1c C:/Users/Marco/Desktop/EjemploTivaC2/tiva/TivaWare_C_Series-2.1.4.178/driverlib/gcc\libdriver.a(gpio.o)
                0x00004fe0                GPIOPinTypeUSBDigital
 .text.GPIOPinTypeWakeHigh
                0x00004ffc       0x1e C:/Users/Marco/Desktop/EjemploTivaC2/tiva/TivaWare_C_Series-2.1.4.178/driverlib/gcc\libdriver.a(gpio.o)
                0x00004ffc                GPIOPinTypeWakeHigh
 .text.GPIOPinTypeWakeLow
                0x0000501a       0x1e C:/Users/Marco/Desktop/EjemploTivaC2/tiva/TivaWare_C_Series-2.1.4.178/driverlib/gcc\libdriver.a(gpio.o)
                0x0000501a                GPIOPinTypeWakeLow
 .text.GPIOPinWakeStatus
                0x00005038        0x6 C:/Users/Marco/Desktop/EjemploTivaC2/tiva/TivaWare_C_Series-2.1.4.178/driverlib/gcc\libdriver.a(gpio.o)
                0x00005038                GPIOPinWakeStatus
 *fill*         0x0000503e        0x2 
 .text.GPIOPinConfigure
                0x00005040       0x4c C:/Users/Marco/Desktop/EjemploTivaC2/tiva/TivaWare_C_Series-2.1.4.178/driverlib/gcc\libdriver.a(gpio.o)
                0x00005040                GPIOPinConfigure
 .text.GPIODMATriggerEnable
                0x0000508c        0xc C:/Users/Marco/Desktop/EjemploTivaC2/tiva/TivaWare_C_Series-2.1.4.178/driverlib/gcc\libdriver.a(gpio.o)
                0x0000508c                GPIODMATriggerEnable
 .text.GPIODMATriggerDisable
                0x00005098        0xe C:/Users/Marco/Desktop/EjemploTivaC2/tiva/TivaWare_C_Series-2.1.4.178/driverlib/gcc\libdriver.a(gpio.o)
                0x00005098                GPIODMATriggerDisable
 .text.GPIOADCTriggerEnable
                0x000050a6        0xc C:/Users/Marco/Desktop/EjemploTivaC2/tiva/TivaWare_C_Series-2.1.4.178/driverlib/gcc\libdriver.a(gpio.o)
                0x000050a6                GPIOADCTriggerEnable
 .text.GPIOADCTriggerDisable
                0x000050b2        0xe C:/Users/Marco/Desktop/EjemploTivaC2/tiva/TivaWare_C_Series-2.1.4.178/driverlib/gcc\libdriver.a(gpio.o)
                0x000050b2                GPIOADCTriggerDisable
 .text._IntDefaultHandler
                0x000050c0        0x2 C:/Users/Marco/Desktop/EjemploTivaC2/tiva/TivaWare_C_Series-2.1.4.178/driverlib/gcc\libdriver.a(interrupt.o)
 .text.IntMasterEnable
                0x000050c2        0xe C:/Users/Marco/Desktop/EjemploTivaC2/tiva/TivaWare_C_Series-2.1.4.178/driverlib/gcc\libdriver.a(interrupt.o)
                0x000050c2                IntMasterEnable
 .text.IntMasterDisable
                0x000050d0        0xe C:/Users/Marco/Desktop/EjemploTivaC2/tiva/TivaWare_C_Series-2.1.4.178/driverlib/gcc\libdriver.a(interrupt.o)
                0x000050d0                IntMasterDisable
 *fill*         0x000050de        0x2 
 .text.IntRegister
                0x000050e0       0x34 C:/Users/Marco/Desktop/EjemploTivaC2/tiva/TivaWare_C_Series-2.1.4.178/driverlib/gcc\libdriver.a(interrupt.o)
                0x000050e0                IntRegister
 .text.IntUnregister
                0x00005114       0x14 C:/Users/Marco/Desktop/EjemploTivaC2/tiva/TivaWare_C_Series-2.1.4.178/driverlib/gcc\libdriver.a(interrupt.o)
                0x00005114                IntUnregister
 .text.IntPriorityGroupingSet
                0x00005128       0x1c C:/Users/Marco/Desktop/EjemploTivaC2/tiva/TivaWare_C_Series-2.1.4.178/driverlib/gcc\libdriver.a(interrupt.o)
                0x00005128                IntPriorityGroupingSet
 .text.IntPriorityGroupingGet
                0x00005144       0x24 C:/Users/Marco/Desktop/EjemploTivaC2/tiva/TivaWare_C_Series-2.1.4.178/driverlib/gcc\libdriver.a(interrupt.o)
                0x00005144                IntPriorityGroupingGet
 .text.IntPrioritySet
                0x00005168       0x2c C:/Users/Marco/Desktop/EjemploTivaC2/tiva/TivaWare_C_Series-2.1.4.178/driverlib/gcc\libdriver.a(interrupt.o)
                0x00005168                IntPrioritySet
 .text.IntPriorityGet
                0x00005194       0x1c C:/Users/Marco/Desktop/EjemploTivaC2/tiva/TivaWare_C_Series-2.1.4.178/driverlib/gcc\libdriver.a(interrupt.o)
                0x00005194                IntPriorityGet
 .text.IntEnable
                0x000051b0       0x60 C:/Users/Marco/Desktop/EjemploTivaC2/tiva/TivaWare_C_Series-2.1.4.178/driverlib/gcc\libdriver.a(interrupt.o)
                0x000051b0                IntEnable
 .text.IntDisable
                0x00005210       0x60 C:/Users/Marco/Desktop/EjemploTivaC2/tiva/TivaWare_C_Series-2.1.4.178/driverlib/gcc\libdriver.a(interrupt.o)
                0x00005210                IntDisable
 .text.IntIsEnabled
                0x00005270       0x64 C:/Users/Marco/Desktop/EjemploTivaC2/tiva/TivaWare_C_Series-2.1.4.178/driverlib/gcc\libdriver.a(interrupt.o)
                0x00005270                IntIsEnabled
 .text.IntPendSet
                0x000052d4       0x50 C:/Users/Marco/Desktop/EjemploTivaC2/tiva/TivaWare_C_Series-2.1.4.178/driverlib/gcc\libdriver.a(interrupt.o)
                0x000052d4                IntPendSet
 .text.IntPendClear
                0x00005324       0x40 C:/Users/Marco/Desktop/EjemploTivaC2/tiva/TivaWare_C_Series-2.1.4.178/driverlib/gcc\libdriver.a(interrupt.o)
                0x00005324                IntPendClear
 .text.IntPriorityMaskSet
                0x00005364        0x4 C:/Users/Marco/Desktop/EjemploTivaC2/tiva/TivaWare_C_Series-2.1.4.178/driverlib/gcc\libdriver.a(interrupt.o)
                0x00005364                IntPriorityMaskSet
 .text.IntPriorityMaskGet
                0x00005368        0x4 C:/Users/Marco/Desktop/EjemploTivaC2/tiva/TivaWare_C_Series-2.1.4.178/driverlib/gcc\libdriver.a(interrupt.o)
                0x00005368                IntPriorityMaskGet
 .text.IntTrigger
                0x0000536c        0xc C:/Users/Marco/Desktop/EjemploTivaC2/tiva/TivaWare_C_Series-2.1.4.178/driverlib/gcc\libdriver.a(interrupt.o)
                0x0000536c                IntTrigger
 .text.MPUEnable
                0x00005378       0x10 C:/Users/Marco/Desktop/EjemploTivaC2/tiva/TivaWare_C_Series-2.1.4.178/driverlib/gcc\libdriver.a(mpu.o)
                0x00005378                MPUEnable
 .text.MPUDisable
                0x00005388       0x10 C:/Users/Marco/Desktop/EjemploTivaC2/tiva/TivaWare_C_Series-2.1.4.178/driverlib/gcc\libdriver.a(mpu.o)
                0x00005388                MPUDisable
 .text.MPURegionCountGet
                0x00005398       0x10 C:/Users/Marco/Desktop/EjemploTivaC2/tiva/TivaWare_C_Series-2.1.4.178/driverlib/gcc\libdriver.a(mpu.o)
                0x00005398                MPURegionCountGet
 .text.MPURegionEnable
                0x000053a8       0x14 C:/Users/Marco/Desktop/EjemploTivaC2/tiva/TivaWare_C_Series-2.1.4.178/driverlib/gcc\libdriver.a(mpu.o)
                0x000053a8                MPURegionEnable
 .text.MPURegionDisable
                0x000053bc       0x14 C:/Users/Marco/Desktop/EjemploTivaC2/tiva/TivaWare_C_Series-2.1.4.178/driverlib/gcc\libdriver.a(mpu.o)
                0x000053bc                MPURegionDisable
 .text.MPURegionSet
                0x000053d0       0x1c C:/Users/Marco/Desktop/EjemploTivaC2/tiva/TivaWare_C_Series-2.1.4.178/driverlib/gcc\libdriver.a(mpu.o)
                0x000053d0                MPURegionSet
 .text.MPURegionGet
                0x000053ec       0x20 C:/Users/Marco/Desktop/EjemploTivaC2/tiva/TivaWare_C_Series-2.1.4.178/driverlib/gcc\libdriver.a(mpu.o)
                0x000053ec                MPURegionGet
 .text.MPUIntRegister
                0x0000540c       0x14 C:/Users/Marco/Desktop/EjemploTivaC2/tiva/TivaWare_C_Series-2.1.4.178/driverlib/gcc\libdriver.a(mpu.o)
                0x0000540c                MPUIntRegister
 .text.MPUIntUnregister
                0x00005420       0x12 C:/Users/Marco/Desktop/EjemploTivaC2/tiva/TivaWare_C_Series-2.1.4.178/driverlib/gcc\libdriver.a(mpu.o)
                0x00005420                MPUIntUnregister
 *fill*         0x00005432        0x2 
 .text._SSIIntNumberGet
                0x00005434       0x44 C:/Users/Marco/Desktop/EjemploTivaC2/tiva/TivaWare_C_Series-2.1.4.178/driverlib/gcc\libdriver.a(ssi.o)
 .text.SSIConfigSetExpClk
                0x00005478       0x3c C:/Users/Marco/Desktop/EjemploTivaC2/tiva/TivaWare_C_Series-2.1.4.178/driverlib/gcc\libdriver.a(ssi.o)
                0x00005478                SSIConfigSetExpClk
 .text.SSIEnable
                0x000054b4        0xa C:/Users/Marco/Desktop/EjemploTivaC2/tiva/TivaWare_C_Series-2.1.4.178/driverlib/gcc\libdriver.a(ssi.o)
                0x000054b4                SSIEnable
 .text.SSIDisable
                0x000054be        0xa C:/Users/Marco/Desktop/EjemploTivaC2/tiva/TivaWare_C_Series-2.1.4.178/driverlib/gcc\libdriver.a(ssi.o)
                0x000054be                SSIDisable
 .text.SSIIntRegister
                0x000054c8       0x1a C:/Users/Marco/Desktop/EjemploTivaC2/tiva/TivaWare_C_Series-2.1.4.178/driverlib/gcc\libdriver.a(ssi.o)
                0x000054c8                SSIIntRegister
 .text.SSIIntUnregister
                0x000054e2       0x16 C:/Users/Marco/Desktop/EjemploTivaC2/tiva/TivaWare_C_Series-2.1.4.178/driverlib/gcc\libdriver.a(ssi.o)
                0x000054e2                SSIIntUnregister
 .text.SSIIntEnable
                0x000054f8        0x8 C:/Users/Marco/Desktop/EjemploTivaC2/tiva/TivaWare_C_Series-2.1.4.178/driverlib/gcc\libdriver.a(ssi.o)
                0x000054f8                SSIIntEnable
 .text.SSIIntDisable
                0x00005500        0xa C:/Users/Marco/Desktop/EjemploTivaC2/tiva/TivaWare_C_Series-2.1.4.178/driverlib/gcc\libdriver.a(ssi.o)
                0x00005500                SSIIntDisable
 .text.SSIIntStatus
                0x0000550a        0xa C:/Users/Marco/Desktop/EjemploTivaC2/tiva/TivaWare_C_Series-2.1.4.178/driverlib/gcc\libdriver.a(ssi.o)
                0x0000550a                SSIIntStatus
 .text.SSIIntClear
                0x00005514        0x4 C:/Users/Marco/Desktop/EjemploTivaC2/tiva/TivaWare_C_Series-2.1.4.178/driverlib/gcc\libdriver.a(ssi.o)
                0x00005514                SSIIntClear
 .text.SSIDataPut
                0x00005518        0xa C:/Users/Marco/Desktop/EjemploTivaC2/tiva/TivaWare_C_Series-2.1.4.178/driverlib/gcc\libdriver.a(ssi.o)
                0x00005518                SSIDataPut
 .text.SSIDataPutNonBlocking
                0x00005522       0x12 C:/Users/Marco/Desktop/EjemploTivaC2/tiva/TivaWare_C_Series-2.1.4.178/driverlib/gcc\libdriver.a(ssi.o)
                0x00005522                SSIDataPutNonBlocking
 .text.SSIDataGet
                0x00005534        0xc C:/Users/Marco/Desktop/EjemploTivaC2/tiva/TivaWare_C_Series-2.1.4.178/driverlib/gcc\libdriver.a(ssi.o)
                0x00005534                SSIDataGet
 .text.SSIDataGetNonBlocking
                0x00005540       0x14 C:/Users/Marco/Desktop/EjemploTivaC2/tiva/TivaWare_C_Series-2.1.4.178/driverlib/gcc\libdriver.a(ssi.o)
                0x00005540                SSIDataGetNonBlocking
 .text.SSIDMAEnable
                0x00005554        0x8 C:/Users/Marco/Desktop/EjemploTivaC2/tiva/TivaWare_C_Series-2.1.4.178/driverlib/gcc\libdriver.a(ssi.o)
                0x00005554                SSIDMAEnable
 .text.SSIDMADisable
                0x0000555c        0xa C:/Users/Marco/Desktop/EjemploTivaC2/tiva/TivaWare_C_Series-2.1.4.178/driverlib/gcc\libdriver.a(ssi.o)
                0x0000555c                SSIDMADisable
 .text.SSIBusy  0x00005566        0x8 C:/Users/Marco/Desktop/EjemploTivaC2/tiva/TivaWare_C_Series-2.1.4.178/driverlib/gcc\libdriver.a(ssi.o)
                0x00005566                SSIBusy
 .text.SSIClockSourceSet
                0x0000556e        0x6 C:/Users/Marco/Desktop/EjemploTivaC2/tiva/TivaWare_C_Series-2.1.4.178/driverlib/gcc\libdriver.a(ssi.o)
                0x0000556e                SSIClockSourceSet
 .text.SSIClockSourceGet
                0x00005574        0x6 C:/Users/Marco/Desktop/EjemploTivaC2/tiva/TivaWare_C_Series-2.1.4.178/driverlib/gcc\libdriver.a(ssi.o)
                0x00005574                SSIClockSourceGet
 .text.SSIAdvModeSet
                0x0000557a        0xc C:/Users/Marco/Desktop/EjemploTivaC2/tiva/TivaWare_C_Series-2.1.4.178/driverlib/gcc\libdriver.a(ssi.o)
                0x0000557a                SSIAdvModeSet
 .text.SSIAdvDataPutFrameEnd
                0x00005586       0x12 C:/Users/Marco/Desktop/EjemploTivaC2/tiva/TivaWare_C_Series-2.1.4.178/driverlib/gcc\libdriver.a(ssi.o)
                0x00005586                SSIAdvDataPutFrameEnd
 .text.SSIAdvDataPutFrameEndNonBlocking
                0x00005598       0x1a C:/Users/Marco/Desktop/EjemploTivaC2/tiva/TivaWare_C_Series-2.1.4.178/driverlib/gcc\libdriver.a(ssi.o)
                0x00005598                SSIAdvDataPutFrameEndNonBlocking
 .text.SSIAdvFrameHoldEnable
                0x000055b2        0xa C:/Users/Marco/Desktop/EjemploTivaC2/tiva/TivaWare_C_Series-2.1.4.178/driverlib/gcc\libdriver.a(ssi.o)
                0x000055b2                SSIAdvFrameHoldEnable
 .text.SSIAdvFrameHoldDisable
                0x000055bc        0xa C:/Users/Marco/Desktop/EjemploTivaC2/tiva/TivaWare_C_Series-2.1.4.178/driverlib/gcc\libdriver.a(ssi.o)
                0x000055bc                SSIAdvFrameHoldDisable
 *fill*         0x000055c6        0x2 
 .text._SysCtlMemTimingGet
                0x000055c8       0x24 C:/Users/Marco/Desktop/EjemploTivaC2/tiva/TivaWare_C_Series-2.1.4.178/driverlib/gcc\libdriver.a(sysctl.o)
 .text.SysCtlSRAMSizeGet
                0x000055ec       0x10 C:/Users/Marco/Desktop/EjemploTivaC2/tiva/TivaWare_C_Series-2.1.4.178/driverlib/gcc\libdriver.a(sysctl.o)
                0x000055ec                SysCtlSRAMSizeGet
 .text.SysCtlFlashSizeGet
                0x000055fc       0x3c C:/Users/Marco/Desktop/EjemploTivaC2/tiva/TivaWare_C_Series-2.1.4.178/driverlib/gcc\libdriver.a(sysctl.o)
                0x000055fc                SysCtlFlashSizeGet
 .text.SysCtlFlashSectorSizeGet
                0x00005638       0x38 C:/Users/Marco/Desktop/EjemploTivaC2/tiva/TivaWare_C_Series-2.1.4.178/driverlib/gcc\libdriver.a(sysctl.o)
                0x00005638                SysCtlFlashSectorSizeGet
 .text.SysCtlPeripheralPresent
                0x00005670       0x26 C:/Users/Marco/Desktop/EjemploTivaC2/tiva/TivaWare_C_Series-2.1.4.178/driverlib/gcc\libdriver.a(sysctl.o)
                0x00005670                SysCtlPeripheralPresent
 .text.SysCtlPeripheralReady
                0x00005696       0x26 C:/Users/Marco/Desktop/EjemploTivaC2/tiva/TivaWare_C_Series-2.1.4.178/driverlib/gcc\libdriver.a(sysctl.o)
                0x00005696                SysCtlPeripheralReady
 .text.SysCtlPeripheralPowerOn
                0x000056bc       0x22 C:/Users/Marco/Desktop/EjemploTivaC2/tiva/TivaWare_C_Series-2.1.4.178/driverlib/gcc\libdriver.a(sysctl.o)
                0x000056bc                SysCtlPeripheralPowerOn
 .text.SysCtlPeripheralPowerOff
                0x000056de       0x22 C:/Users/Marco/Desktop/EjemploTivaC2/tiva/TivaWare_C_Series-2.1.4.178/driverlib/gcc\libdriver.a(sysctl.o)
                0x000056de                SysCtlPeripheralPowerOff
 .text.SysCtlPeripheralReset
                0x00005700       0x3a C:/Users/Marco/Desktop/EjemploTivaC2/tiva/TivaWare_C_Series-2.1.4.178/driverlib/gcc\libdriver.a(sysctl.o)
                0x00005700                SysCtlPeripheralReset
 .text.SysCtlPeripheralEnable
                0x0000573a       0x22 C:/Users/Marco/Desktop/EjemploTivaC2/tiva/TivaWare_C_Series-2.1.4.178/driverlib/gcc\libdriver.a(sysctl.o)
                0x0000573a                SysCtlPeripheralEnable
 .text.SysCtlPeripheralDisable
                0x0000575c       0x22 C:/Users/Marco/Desktop/EjemploTivaC2/tiva/TivaWare_C_Series-2.1.4.178/driverlib/gcc\libdriver.a(sysctl.o)
                0x0000575c                SysCtlPeripheralDisable
 .text.SysCtlPeripheralSleepEnable
                0x0000577e       0x22 C:/Users/Marco/Desktop/EjemploTivaC2/tiva/TivaWare_C_Series-2.1.4.178/driverlib/gcc\libdriver.a(sysctl.o)
                0x0000577e                SysCtlPeripheralSleepEnable
 .text.SysCtlPeripheralSleepDisable
                0x000057a0       0x22 C:/Users/Marco/Desktop/EjemploTivaC2/tiva/TivaWare_C_Series-2.1.4.178/driverlib/gcc\libdriver.a(sysctl.o)
                0x000057a0                SysCtlPeripheralSleepDisable
 .text.SysCtlPeripheralDeepSleepEnable
                0x000057c2       0x22 C:/Users/Marco/Desktop/EjemploTivaC2/tiva/TivaWare_C_Series-2.1.4.178/driverlib/gcc\libdriver.a(sysctl.o)
                0x000057c2                SysCtlPeripheralDeepSleepEnable
 .text.SysCtlPeripheralDeepSleepDisable
                0x000057e4       0x22 C:/Users/Marco/Desktop/EjemploTivaC2/tiva/TivaWare_C_Series-2.1.4.178/driverlib/gcc\libdriver.a(sysctl.o)
                0x000057e4                SysCtlPeripheralDeepSleepDisable
 *fill*         0x00005806        0x2 
 .text.SysCtlPeripheralClockGating
                0x00005808       0x48 C:/Users/Marco/Desktop/EjemploTivaC2/tiva/TivaWare_C_Series-2.1.4.178/driverlib/gcc\libdriver.a(sysctl.o)
                0x00005808                SysCtlPeripheralClockGating
 .text.SysCtlIntRegister
                0x00005850       0x14 C:/Users/Marco/Desktop/EjemploTivaC2/tiva/TivaWare_C_Series-2.1.4.178/driverlib/gcc\libdriver.a(sysctl.o)
                0x00005850                SysCtlIntRegister
 .text.SysCtlIntUnregister
                0x00005864       0x12 C:/Users/Marco/Desktop/EjemploTivaC2/tiva/TivaWare_C_Series-2.1.4.178/driverlib/gcc\libdriver.a(sysctl.o)
                0x00005864                SysCtlIntUnregister
 *fill*         0x00005876        0x2 
 .text.SysCtlIntEnable
                0x00005878       0x10 C:/Users/Marco/Desktop/EjemploTivaC2/tiva/TivaWare_C_Series-2.1.4.178/driverlib/gcc\libdriver.a(sysctl.o)
                0x00005878                SysCtlIntEnable
 .text.SysCtlIntDisable
                0x00005888       0x10 C:/Users/Marco/Desktop/EjemploTivaC2/tiva/TivaWare_C_Series-2.1.4.178/driverlib/gcc\libdriver.a(sysctl.o)
                0x00005888                SysCtlIntDisable
 .text.SysCtlIntClear
                0x00005898        0xc C:/Users/Marco/Desktop/EjemploTivaC2/tiva/TivaWare_C_Series-2.1.4.178/driverlib/gcc\libdriver.a(sysctl.o)
                0x00005898                SysCtlIntClear
 .text.SysCtlIntStatus
                0x000058a4       0x14 C:/Users/Marco/Desktop/EjemploTivaC2/tiva/TivaWare_C_Series-2.1.4.178/driverlib/gcc\libdriver.a(sysctl.o)
                0x000058a4                SysCtlIntStatus
 .text.SysCtlLDOSleepSet
                0x000058b8        0xc C:/Users/Marco/Desktop/EjemploTivaC2/tiva/TivaWare_C_Series-2.1.4.178/driverlib/gcc\libdriver.a(sysctl.o)
                0x000058b8                SysCtlLDOSleepSet
 .text.SysCtlLDOSleepGet
                0x000058c4        0xc C:/Users/Marco/Desktop/EjemploTivaC2/tiva/TivaWare_C_Series-2.1.4.178/driverlib/gcc\libdriver.a(sysctl.o)
                0x000058c4                SysCtlLDOSleepGet
 .text.SysCtlLDODeepSleepSet
                0x000058d0        0xc C:/Users/Marco/Desktop/EjemploTivaC2/tiva/TivaWare_C_Series-2.1.4.178/driverlib/gcc\libdriver.a(sysctl.o)
                0x000058d0                SysCtlLDODeepSleepSet
 .text.SysCtlLDODeepSleepGet
                0x000058dc        0xc C:/Users/Marco/Desktop/EjemploTivaC2/tiva/TivaWare_C_Series-2.1.4.178/driverlib/gcc\libdriver.a(sysctl.o)
                0x000058dc                SysCtlLDODeepSleepGet
 .text.SysCtlSleepPowerSet
                0x000058e8        0xc C:/Users/Marco/Desktop/EjemploTivaC2/tiva/TivaWare_C_Series-2.1.4.178/driverlib/gcc\libdriver.a(sysctl.o)
                0x000058e8                SysCtlSleepPowerSet
 .text.SysCtlDeepSleepPowerSet
                0x000058f4        0xc C:/Users/Marco/Desktop/EjemploTivaC2/tiva/TivaWare_C_Series-2.1.4.178/driverlib/gcc\libdriver.a(sysctl.o)
                0x000058f4                SysCtlDeepSleepPowerSet
 .text.SysCtlReset
                0x00005900       0x10 C:/Users/Marco/Desktop/EjemploTivaC2/tiva/TivaWare_C_Series-2.1.4.178/driverlib/gcc\libdriver.a(sysctl.o)
                0x00005900                SysCtlReset
 .text.SysCtlSleep
                0x00005910        0x4 C:/Users/Marco/Desktop/EjemploTivaC2/tiva/TivaWare_C_Series-2.1.4.178/driverlib/gcc\libdriver.a(sysctl.o)
                0x00005910                SysCtlSleep
 .text.SysCtlDeepSleep
                0x00005914       0x20 C:/Users/Marco/Desktop/EjemploTivaC2/tiva/TivaWare_C_Series-2.1.4.178/driverlib/gcc\libdriver.a(sysctl.o)
                0x00005914                SysCtlDeepSleep
 .text.SysCtlResetCauseGet
                0x00005934        0xc C:/Users/Marco/Desktop/EjemploTivaC2/tiva/TivaWare_C_Series-2.1.4.178/driverlib/gcc\libdriver.a(sysctl.o)
                0x00005934                SysCtlResetCauseGet
 .text.SysCtlResetCauseClear
                0x00005940       0x10 C:/Users/Marco/Desktop/EjemploTivaC2/tiva/TivaWare_C_Series-2.1.4.178/driverlib/gcc\libdriver.a(sysctl.o)
                0x00005940                SysCtlResetCauseClear
 .text.SysCtlDelay
                0x00005950        0x8 C:/Users/Marco/Desktop/EjemploTivaC2/tiva/TivaWare_C_Series-2.1.4.178/driverlib/gcc\libdriver.a(sysctl.o)
                0x00005950                SysCtlDelay
 .text.SysCtlMOSCConfigSet
                0x00005958        0xc C:/Users/Marco/Desktop/EjemploTivaC2/tiva/TivaWare_C_Series-2.1.4.178/driverlib/gcc\libdriver.a(sysctl.o)
                0x00005958                SysCtlMOSCConfigSet
 .text.SysCtlPIOSCCalibrate
                0x00005964       0x48 C:/Users/Marco/Desktop/EjemploTivaC2/tiva/TivaWare_C_Series-2.1.4.178/driverlib/gcc\libdriver.a(sysctl.o)
                0x00005964                SysCtlPIOSCCalibrate
 .text.SysCtlResetBehaviorSet
                0x000059ac        0xc C:/Users/Marco/Desktop/EjemploTivaC2/tiva/TivaWare_C_Series-2.1.4.178/driverlib/gcc\libdriver.a(sysctl.o)
                0x000059ac                SysCtlResetBehaviorSet
 .text.SysCtlResetBehaviorGet
                0x000059b8        0xc C:/Users/Marco/Desktop/EjemploTivaC2/tiva/TivaWare_C_Series-2.1.4.178/driverlib/gcc\libdriver.a(sysctl.o)
                0x000059b8                SysCtlResetBehaviorGet
 .text.SysCtlClockFreqSet
                0x000059c4      0x248 C:/Users/Marco/Desktop/EjemploTivaC2/tiva/TivaWare_C_Series-2.1.4.178/driverlib/gcc\libdriver.a(sysctl.o)
                0x000059c4                SysCtlClockFreqSet
 .text.SysCtlClockSet
                0x00005c0c      0x11c C:/Users/Marco/Desktop/EjemploTivaC2/tiva/TivaWare_C_Series-2.1.4.178/driverlib/gcc\libdriver.a(sysctl.o)
                0x00005c0c                SysCtlClockSet
 .text.SysCtlClockGet
                0x00005d28      0x12c C:/Users/Marco/Desktop/EjemploTivaC2/tiva/TivaWare_C_Series-2.1.4.178/driverlib/gcc\libdriver.a(sysctl.o)
                0x00005d28                SysCtlClockGet
 .text.SysCtlDeepSleepClockSet
                0x00005e54        0xc C:/Users/Marco/Desktop/EjemploTivaC2/tiva/TivaWare_C_Series-2.1.4.178/driverlib/gcc\libdriver.a(sysctl.o)
                0x00005e54                SysCtlDeepSleepClockSet
 .text.SysCtlDeepSleepClockConfigSet
                0x00005e60       0x60 C:/Users/Marco/Desktop/EjemploTivaC2/tiva/TivaWare_C_Series-2.1.4.178/driverlib/gcc\libdriver.a(sysctl.o)
                0x00005e60                SysCtlDeepSleepClockConfigSet
 .text.SysCtlPWMClockSet
                0x00005ec0       0x14 C:/Users/Marco/Desktop/EjemploTivaC2/tiva/TivaWare_C_Series-2.1.4.178/driverlib/gcc\libdriver.a(sysctl.o)
                0x00005ec0                SysCtlPWMClockSet
 .text.SysCtlPWMClockGet
                0x00005ed4       0x18 C:/Users/Marco/Desktop/EjemploTivaC2/tiva/TivaWare_C_Series-2.1.4.178/driverlib/gcc\libdriver.a(sysctl.o)
                0x00005ed4                SysCtlPWMClockGet
 .text.SysCtlGPIOAHBEnable
                0x00005eec       0x18 C:/Users/Marco/Desktop/EjemploTivaC2/tiva/TivaWare_C_Series-2.1.4.178/driverlib/gcc\libdriver.a(sysctl.o)
                0x00005eec                SysCtlGPIOAHBEnable
 .text.SysCtlGPIOAHBDisable
                0x00005f04       0x1c C:/Users/Marco/Desktop/EjemploTivaC2/tiva/TivaWare_C_Series-2.1.4.178/driverlib/gcc\libdriver.a(sysctl.o)
                0x00005f04                SysCtlGPIOAHBDisable
 .text.SysCtlUSBPLLEnable
                0x00005f20       0x10 C:/Users/Marco/Desktop/EjemploTivaC2/tiva/TivaWare_C_Series-2.1.4.178/driverlib/gcc\libdriver.a(sysctl.o)
                0x00005f20                SysCtlUSBPLLEnable
 .text.SysCtlUSBPLLDisable
                0x00005f30       0x10 C:/Users/Marco/Desktop/EjemploTivaC2/tiva/TivaWare_C_Series-2.1.4.178/driverlib/gcc\libdriver.a(sysctl.o)
                0x00005f30                SysCtlUSBPLLDisable
 .text.SysCtlVoltageEventConfig
                0x00005f40        0xc C:/Users/Marco/Desktop/EjemploTivaC2/tiva/TivaWare_C_Series-2.1.4.178/driverlib/gcc\libdriver.a(sysctl.o)
                0x00005f40                SysCtlVoltageEventConfig
 .text.SysCtlVoltageEventStatus
                0x00005f4c        0xc C:/Users/Marco/Desktop/EjemploTivaC2/tiva/TivaWare_C_Series-2.1.4.178/driverlib/gcc\libdriver.a(sysctl.o)
                0x00005f4c                SysCtlVoltageEventStatus
 .text.SysCtlVoltageEventClear
                0x00005f58       0x10 C:/Users/Marco/Desktop/EjemploTivaC2/tiva/TivaWare_C_Series-2.1.4.178/driverlib/gcc\libdriver.a(sysctl.o)
                0x00005f58                SysCtlVoltageEventClear
 .text.SysCtlVCOGet
                0x00005f68       0x78 C:/Users/Marco/Desktop/EjemploTivaC2/tiva/TivaWare_C_Series-2.1.4.178/driverlib/gcc\libdriver.a(sysctl.o)
                0x00005f68                SysCtlVCOGet
 .text.SysCtlNMIStatus
                0x00005fe0        0xc C:/Users/Marco/Desktop/EjemploTivaC2/tiva/TivaWare_C_Series-2.1.4.178/driverlib/gcc\libdriver.a(sysctl.o)
                0x00005fe0                SysCtlNMIStatus
 .text.SysCtlNMIClear
                0x00005fec       0x10 C:/Users/Marco/Desktop/EjemploTivaC2/tiva/TivaWare_C_Series-2.1.4.178/driverlib/gcc\libdriver.a(sysctl.o)
                0x00005fec                SysCtlNMIClear
 .text.SysCtlClockOutConfig
                0x00005ffc       0x10 C:/Users/Marco/Desktop/EjemploTivaC2/tiva/TivaWare_C_Series-2.1.4.178/driverlib/gcc\libdriver.a(sysctl.o)
                0x00005ffc                SysCtlClockOutConfig
 .text.SysCtlAltClkConfig
                0x0000600c        0xc C:/Users/Marco/Desktop/EjemploTivaC2/tiva/TivaWare_C_Series-2.1.4.178/driverlib/gcc\libdriver.a(sysctl.o)
                0x0000600c                SysCtlAltClkConfig
 .text.SysTickEnable
                0x00006018       0x10 C:/Users/Marco/Desktop/EjemploTivaC2/tiva/TivaWare_C_Series-2.1.4.178/driverlib/gcc\libdriver.a(systick.o)
                0x00006018                SysTickEnable
 .text.SysTickDisable
                0x00006028       0x10 C:/Users/Marco/Desktop/EjemploTivaC2/tiva/TivaWare_C_Series-2.1.4.178/driverlib/gcc\libdriver.a(systick.o)
                0x00006028                SysTickDisable
 .text.SysTickIntRegister
                0x00006038       0x1c C:/Users/Marco/Desktop/EjemploTivaC2/tiva/TivaWare_C_Series-2.1.4.178/driverlib/gcc\libdriver.a(systick.o)
                0x00006038                SysTickIntRegister
 .text.SysTickIntUnregister
                0x00006054       0x14 C:/Users/Marco/Desktop/EjemploTivaC2/tiva/TivaWare_C_Series-2.1.4.178/driverlib/gcc\libdriver.a(systick.o)
                0x00006054                SysTickIntUnregister
 .text.SysTickIntEnable
                0x00006068       0x10 C:/Users/Marco/Desktop/EjemploTivaC2/tiva/TivaWare_C_Series-2.1.4.178/driverlib/gcc\libdriver.a(systick.o)
                0x00006068                SysTickIntEnable
 .text.SysTickIntDisable
                0x00006078       0x10 C:/Users/Marco/Desktop/EjemploTivaC2/tiva/TivaWare_C_Series-2.1.4.178/driverlib/gcc\libdriver.a(systick.o)
                0x00006078                SysTickIntDisable
 .text.SysTickPeriodSet
                0x00006088        0xc C:/Users/Marco/Desktop/EjemploTivaC2/tiva/TivaWare_C_Series-2.1.4.178/driverlib/gcc\libdriver.a(systick.o)
                0x00006088                SysTickPeriodSet
 .text.SysTickPeriodGet
                0x00006094        0xc C:/Users/Marco/Desktop/EjemploTivaC2/tiva/TivaWare_C_Series-2.1.4.178/driverlib/gcc\libdriver.a(systick.o)
                0x00006094                SysTickPeriodGet
 .text.SysTickValueGet
                0x000060a0        0xc C:/Users/Marco/Desktop/EjemploTivaC2/tiva/TivaWare_C_Series-2.1.4.178/driverlib/gcc\libdriver.a(systick.o)
                0x000060a0                SysTickValueGet
 .text._UARTIntNumberGet